Archive member included because of file (symbol)

C:\Users\jpavery\AppData\Local\arduino15\packages\arduino\hardware\sam\1.6.12\variants\arduino_due_x/libsam_sam3x8e_gcc_rel.a(pio.o)
                              SPI\SPI.cpp.o (PIO_Configure)
C:\Users\jpavery\AppData\Local\arduino15\packages\arduino\hardware\sam\1.6.12\variants\arduino_due_x/libsam_sam3x8e_gcc_rel.a(pmc.o)
                              ScouseTom_Control_NOCS.cpp.o (pmc_enable_periph_clk)
C:\Users\jpavery\AppData\Local\arduino15\packages\arduino\hardware\sam\1.6.12\variants\arduino_due_x/libsam_sam3x8e_gcc_rel.a(spi.o)
                              SPI\SPI.cpp.o (SPI_Enable)
C:\Users\jpavery\AppData\Local\arduino15\packages\arduino\hardware\sam\1.6.12\variants\arduino_due_x/libsam_sam3x8e_gcc_rel.a(tc.o)
                              ScouseTom_Control_NOCS.cpp.o (TC_Configure)
C:\Users\jpavery\AppData\Local\arduino15\packages\arduino\hardware\sam\1.6.12\variants\arduino_due_x/libsam_sam3x8e_gcc_rel.a(system_sam3xa.o)
                              C:\Users\jpavery\AppData\Local\Temp\VMBCore\arduino16x\d2aaa88d240c538894d6ee8bd905a147\variant\variant.cpp.o (SystemInit)
C:\Users\jpavery\AppData\Local\arduino15\packages\arduino\hardware\sam\1.6.12\variants\arduino_due_x/libsam_sam3x8e_gcc_rel.a(startup_sam3xa.o)
                              (Reset_Handler)
C:\Users\jpavery\AppData\Local\arduino15\packages\arduino\hardware\sam\1.6.12\variants\arduino_due_x/libsam_sam3x8e_gcc_rel.a(adc.o)
                              C:\Users\jpavery\AppData\Local\Temp\VMBCore\arduino16x\d2aaa88d240c538894d6ee8bd905a147\variant\variant.cpp.o (adc_init)
C:\Users\jpavery\AppData\Local\arduino15\packages\arduino\hardware\sam\1.6.12\variants\arduino_due_x/libsam_sam3x8e_gcc_rel.a(uotghs.o)
                              C:\Users\jpavery\AppData\Local\arduino15\packages\arduino\hardware\sam\1.6.12\variants\arduino_due_x/libsam_sam3x8e_gcc_rel.a(startup_sam3xa.o) (UOTGHS_Handler)
C:\Users\jpavery\AppData\Local\Temp\VMBuilds\ScouseTom_Control_NOCS\arduino_due_x_dbg\Debug/core.a(cortex_handlers.c.o)
                              C:\Users\jpavery\AppData\Local\arduino15\packages\arduino\hardware\sam\1.6.12\variants\arduino_due_x/libsam_sam3x8e_gcc_rel.a(startup_sam3xa.o) (NMI_Handler)
C:\Users\jpavery\AppData\Local\Temp\VMBuilds\ScouseTom_Control_NOCS\arduino_due_x_dbg\Debug/core.a(hooks.c.o)
                              C:\Users\jpavery\AppData\Local\Temp\VMBuilds\ScouseTom_Control_NOCS\arduino_due_x_dbg\Debug/core.a(cortex_handlers.c.o) (sysTickHook)
C:\Users\jpavery\AppData\Local\Temp\VMBuilds\ScouseTom_Control_NOCS\arduino_due_x_dbg\Debug/core.a(syscalls_sam3.c.o)
                              (_sbrk)
C:\Users\jpavery\AppData\Local\Temp\VMBuilds\ScouseTom_Control_NOCS\arduino_due_x_dbg\Debug/core.a(wiring.c.o)
                              ScouseTom_Control_NOCS.cpp.o (millis)
C:\Users\jpavery\AppData\Local\Temp\VMBuilds\ScouseTom_Control_NOCS\arduino_due_x_dbg\Debug/core.a(wiring_analog.c.o)
                              ScouseTom_Control_NOCS.cpp.o (analogRead)
C:\Users\jpavery\AppData\Local\Temp\VMBuilds\ScouseTom_Control_NOCS\arduino_due_x_dbg\Debug/core.a(wiring_digital.c.o)
                              ScouseTom_Control_NOCS.cpp.o (pinMode)
C:\Users\jpavery\AppData\Local\Temp\VMBuilds\ScouseTom_Control_NOCS\arduino_due_x_dbg\Debug/core.a(main.cpp.o)
                              c:/users/jpavery/appdata/local/arduino15/packages/arduino/tools/arm-none-eabi-gcc/4.8.3-2014q1/bin/../lib/gcc/arm-none-eabi/4.8.3/../../../../arm-none-eabi/lib/armv7-m/crt0.o (main)
C:\Users\jpavery\AppData\Local\Temp\VMBuilds\ScouseTom_Control_NOCS\arduino_due_x_dbg\Debug/core.a(Print.cpp.o)
                              ScouseTom_Control_NOCS.cpp.o (Print::print(char const*))
C:\Users\jpavery\AppData\Local\Temp\VMBuilds\ScouseTom_Control_NOCS\arduino_due_x_dbg\Debug/core.a(Reset.cpp.o)
                              C:\Users\jpavery\AppData\Local\Temp\VMBuilds\ScouseTom_Control_NOCS\arduino_due_x_dbg\Debug/core.a(cortex_handlers.c.o) (tickReset)
C:\Users\jpavery\AppData\Local\Temp\VMBuilds\ScouseTom_Control_NOCS\arduino_due_x_dbg\Debug/core.a(RingBuffer.cpp.o)
                              C:\Users\jpavery\AppData\Local\Temp\VMBCore\arduino16x\d2aaa88d240c538894d6ee8bd905a147\variant\variant.cpp.o (RingBuffer::RingBuffer())
C:\Users\jpavery\AppData\Local\Temp\VMBuilds\ScouseTom_Control_NOCS\arduino_due_x_dbg\Debug/core.a(UARTClass.cpp.o)
                              ScouseTom_Control_NOCS.cpp.o (UARTClass::available())
C:\Users\jpavery\AppData\Local\Temp\VMBuilds\ScouseTom_Control_NOCS\arduino_due_x_dbg\Debug/core.a(USARTClass.cpp.o)
                              C:\Users\jpavery\AppData\Local\Temp\VMBCore\arduino16x\d2aaa88d240c538894d6ee8bd905a147\variant\variant.cpp.o (USARTClass::USARTClass(Usart*, IRQn, unsigned long, RingBuffer*, RingBuffer*))
C:\Users\jpavery\AppData\Local\Temp\VMBuilds\ScouseTom_Control_NOCS\arduino_due_x_dbg\Debug/core.a(watchdog.cpp.o)
[...]
Memory Configuration

Name             Origin             Length             Attributes
rom              0x00080000         0x00080000         xr
sram0            0x20000000         0x00010000         xrw
sram1            0x20080000         0x00008000         xrw
ram              0x20070000         0x00018000         xrw
*default*        0x00000000         0xffffffff

Linker script and memory map

LOAD c:/users/jpavery/appdata/local/arduino15/packages/arduino/tools/arm-none-eabi-gcc/4.8.3-2014q1/bin/../lib/gcc/arm-none-eabi/4.8.3/armv7-m/crti.o
LOAD c:/users/jpavery/appdata/local/arduino15/packages/arduino/tools/arm-none-eabi-gcc/4.8.3-2014q1/bin/../lib/gcc/arm-none-eabi/4.8.3/armv7-m/crtbegin.o
LOAD c:/users/jpavery/appdata/local/arduino15/packages/arduino/tools/arm-none-eabi-gcc/4.8.3-2014q1/bin/../lib/gcc/arm-none-eabi/4.8.3/../../../../arm-none-eabi/lib/armv7-m/crt0.o
START GROUP
LOAD ScouseTom_Control_NOCS.cpp.o
LOAD SPI\SPI.cpp.o
LOAD VM_DBG\VM_DBG.cpp.o
LOAD VM_DBG\VM_mem_check_sam.cpp.o
LOAD C:\Users\jpavery\AppData\Local\Temp\VMBCore\arduino16x\d2aaa88d240c538894d6ee8bd905a147\variant\variant.cpp.o
LOAD C:\Users\jpavery\AppData\Local\arduino15\packages\arduino\hardware\sam\1.6.12\variants\arduino_due_x/libsam_sam3x8e_gcc_rel.a
LOAD C:\Users\jpavery\AppData\Local\Temp\VMBuilds\ScouseTom_Control_NOCS\arduino_due_x_dbg\Debug/core.a
END GROUP
LOAD c:/users/jpavery/appdata/local/arduino15/packages/arduino/tools/arm-none-eabi-gcc/4.8.3-2014q1/bin/../lib/gcc/arm-none-eabi/4.8.3/../../../../arm-none-eabi/lib/armv7-m\libm.a
LOAD c:/users/jpavery/appdata/local/arduino15/packages/arduino/tools/arm-none-eabi-gcc/4.8.3-2014q1/bin/../lib/gcc/arm-none-eabi/4.8.3/armv7-m\libgcc.a
START GROUP
LOAD c:/users/jpavery/appdata/local/arduino15/packages/arduino/tools/arm-none-eabi-gcc/4.8.3-2014q1/bin/../lib/gcc/arm-none-eabi/4.8.3/armv7-m\libgcc.a
LOAD c:/users/jpavery/appdata/local/arduino15/packages/arduino/tools/arm-none-eabi-gcc/4.8.3-2014q1/bin/../lib/gcc/arm-none-eabi/4.8.3/../../../../arm-none-eabi/lib/armv7-m\libc.a
END GROUP
LOAD c:/users/jpavery/appdata/local/arduino15/packages/arduino/tools/arm-none-eabi-gcc/4.8.3-2014q1/bin/../lib/gcc/arm-none-eabi/4.8.3/armv7-m/crtend.o
LOAD c:/users/jpavery/appdata/local/arduino15/packages/arduino/tools/arm-none-eabi-gcc/4.8.3-2014q1/bin/../lib/gcc/arm-none-eabi/4.8.3/armv7-m/crtn.o

.text           0x00080000     0xb918
                0x00080000                . = ALIGN (0x4)
                0x00080000                _sfixed = .
 *(.vectors .vectors.*)
 .vectors       0x00080000       0xf4 C:\Users\jpavery\AppData\Local\arduino15\packages\arduino\hardware\sam\1.6.12\variants\arduino_due_x/libsam_sam3x8e_gcc_rel.a(startup_sam3xa.o)
                0x00080000                exception_table
 *(.text .text.* .gnu.linkonce.t.*)
 .text          0x000800f4       0x54 c:/users/jpavery/appdata/local/arduino15/packages/arduino/tools/arm-none-eabi-gcc/4.8.3-2014q1/bin/../lib/gcc/arm-none-eabi/4.8.3/armv7-m/crtbegin.o
 .text._Z6getCMDc
                0x00080148       0x5c ScouseTom_Control_NOCS.cpp.o
                0x00080148                getCMD(char)
 .text.TC4_Handler
                0x000801a4       0x74 ScouseTom_Control_NOCS.cpp.o
                0x000801a4                TC4_Handler
 .text.TC8_Handler
                0x00080218       0xb8 ScouseTom_Control_NOCS.cpp.o
                0x00080218                TC8_Handler
 .text._Z11resetAD9954v
                0x000802d0       0x1c ScouseTom_Control_NOCS.cpp.o
                0x000802d0                resetAD9954()
 .text._Z11AD9954_Initv
                0x000802ec       0x4c ScouseTom_Control_NOCS.cpp.o
                0x000802ec                AD9954_Init()
 .text._Z10singleTonem
                0x00080338       0x68 ScouseTom_Control_NOCS.cpp.o
                0x00080338                singleTone(unsigned long)
 .text._Z12updateAD9954v
                0x000803a0       0x1c ScouseTom_Control_NOCS.cpp.o
                0x000803a0                updateAD9954()
 .text._Z11checkinputsv
                0x000803bc       0xd0 ScouseTom_Control_NOCS.cpp.o
                0x000803bc                checkinputs()
 .text._Z12sendasciinumi
                0x0008048c       0x30 ScouseTom_Control_NOCS.cpp.o
                0x0008048c                sendasciinum(int)
 .text._Z17sendasciinum_longl
                0x000804bc       0x30 ScouseTom_Control_NOCS.cpp.o
                0x000804bc                sendasciinum_long(long)
 .text._Z13PC_sendupdatev
                0x000804ec       0xdc ScouseTom_Control_NOCS.cpp.o
                0x000804ec                PC_sendupdate()
 .text._Z18PC_sendphaseupdatev
                0x000805c8       0x80 ScouseTom_Control_NOCS.cpp.o
                0x000805c8                PC_sendphaseupdate()
 .text._Z9init_pinsv
                0x00080648       0x96 ScouseTom_Control_NOCS.cpp.o
                0x00080648                init_pins()
 *fill*         0x000806de        0x2 
 .text._Z10reset_pinsv
                0x000806e0       0x3c ScouseTom_Control_NOCS.cpp.o
                0x000806e0                reset_pins()
 .text._Z9reset_indv
                0x0008071c       0x4c ScouseTom_Control_NOCS.cpp.o
                0x0008071c                reset_ind()
 .text._Z13indpins_checkv
                0x00080768       0x4c ScouseTom_Control_NOCS.cpp.o
                0x00080768                indpins_check()
 .text._Z13indpins_pulseiiii
                0x000807b4       0x3c ScouseTom_Control_NOCS.cpp.o
                0x000807b4                indpins_pulse(int, int, int, int)
 .text._Z20ind_pulse_with_delayiii
                0x000807f0       0x3c ScouseTom_Control_NOCS.cpp.o
                0x000807f0                ind_pulse_with_delay(int, int, int)
 .text._Z11indChnIdentv
                0x0008082c       0x40 ScouseTom_Control_NOCS.cpp.o
                0x0008082c                indChnIdent()
 .text._Z9stim_stopv
                0x0008086c       0x3c ScouseTom_Control_NOCS.cpp.o
                0x0008086c                stim_stop()
 .text._Z15stim_calcdelaysl
                0x000808a8       0xd0 ScouseTom_Control_NOCS.cpp.o
                0x000808a8                stim_calcdelays(long)
 .text._Z9SwitchChnv
                0x00080978       0x94 ScouseTom_Control_NOCS.cpp.o
                0x00080978                SwitchChn()
 .text._Z17SwitchChn_Contactv
                0x00080a0c       0x54 ScouseTom_Control_NOCS.cpp.o
                0x00080a0c                SwitchChn_Contact()
 .text._Z15programswitchesiii
                0x00080a60       0x70 ScouseTom_Control_NOCS.cpp.o
                0x00080a60                programswitches(int, int, int)
 .text._Z16SetSwitchesFixedv
                0x00080ad0       0x34 ScouseTom_Control_NOCS.cpp.o
                0x00080ad0                SetSwitchesFixed()
 .text._Z13SwitchesPwrOnv
                0x00080b04       0x44 ScouseTom_Control_NOCS.cpp.o
                0x00080b04                SwitchesPwrOn()
 .text._Z14SwitchesPwrOffv
                0x00080b48       0x12 ScouseTom_Control_NOCS.cpp.o
                0x00080b48                SwitchesPwrOff()
 .text._Z7shufflePii
                0x00080b5a       0x2a ScouseTom_Control_NOCS.cpp.o
                0x00080b5a                shuffle(int*, int)
 .text._Z11CS_next_chnv
                0x00080b84       0x7c ScouseTom_Control_NOCS.cpp.o
                0x00080b84                CS_next_chn()
 .text._Z14stim_nextphasev
                0x00080c00       0x8c ScouseTom_Control_NOCS.cpp.o
                0x00080c00                stim_nextphase()
 .text._Z9stim_initl
                0x00080c8c       0x78 ScouseTom_Control_NOCS.cpp.o
                0x00080c8c                stim_init(long)
 .text._Z12CS_next_freqv
                0x00080d04      0x104 ScouseTom_Control_NOCS.cpp.o
                0x00080d04                CS_next_freq()
 .text._Z12BadElecChecki
                0x00080e08       0x2c ScouseTom_Control_NOCS.cpp.o
                0x00080e08                BadElecCheck(int)
 .text._Z24SetSwitchesFixed_Contactv
                0x00080e34       0x90 ScouseTom_Control_NOCS.cpp.o
                0x00080e34                SetSwitchesFixed_Contact()
 .text._Z14SwitchCheckPWRv
                0x00080ec4       0x1a ScouseTom_Control_NOCS.cpp.o
                0x00080ec4                SwitchCheckPWR()
 *fill*         0x00080ede        0x2 
 .text._Z15SwitchCheckOpeni
                0x00080ee0       0x98 ScouseTom_Control_NOCS.cpp.o
                0x00080ee0                SwitchCheckOpen(int)
 .text._Z11Switch_initv
                0x00080f78       0x84 ScouseTom_Control_NOCS.cpp.o
                0x00080f78                Switch_init()
 .text.startup._GLOBAL__sub_I_mintime
                0x00080ffc       0x40 ScouseTom_Control_NOCS.cpp.o
 .text._Z16establishContactv
                0x0008103c       0x2c ScouseTom_Control_NOCS.cpp.o
                0x0008103c                establishContact()
 .text.setup    0x00081068      0x100 ScouseTom_Control_NOCS.cpp.o
                0x00081068                setup
 .text._Z11getasciinumv
                0x00081168       0x8c ScouseTom_Control_NOCS.cpp.o
                0x00081168                getasciinum()
 .text._Z16getasciinum_longv
                0x000811f4       0x8c ScouseTom_Control_NOCS.cpp.o
                0x000811f4                getasciinum_long()
 .text._Z14PC_getsettingsv
                0x00081280      0x3a4 ScouseTom_Control_NOCS.cpp.o
                0x00081280                PC_getsettings()
 .text._Z7dostuffv
                0x00081624      0x5ac ScouseTom_Control_NOCS.cpp.o
                0x00081624                dostuff()
 .text.loop     0x00081bd0       0x2c ScouseTom_Control_NOCS.cpp.o
                0x00081bd0                loop
 .text._ZL10SPI_0_Initv
                0x00081bfc       0x48 SPI\SPI.cpp.o
 .text._ZN8SPIClass4initEv
                0x00081c44       0x36 SPI\SPI.cpp.o
                0x00081c44                SPIClass::init()
 .text._ZN8SPIClass11setBitOrderEh8BitOrder
                0x00081c7a       0x1e SPI\SPI.cpp.o
                0x00081c7a                SPIClass::setBitOrder(unsigned char, BitOrder)
 .text._ZN8SPIClass11setDataModeEhh
                0x00081c98       0x34 SPI\SPI.cpp.o
                0x00081c98                SPIClass::setDataMode(unsigned char, unsigned char)
 .text._ZN8SPIClass15setClockDividerEhh
                0x00081ccc       0x2e SPI\SPI.cpp.o
                0x00081ccc                SPIClass::setClockDivider(unsigned char, unsigned char)
 .text._ZN8SPIClass5beginEv
                0x00081cfa       0x22 SPI\SPI.cpp.o
                0x00081cfa                SPIClass::begin()
 .text._ZN8SPIClass8transferEhh15SPITransferMode
                0x00081d1c       0x5e SPI\SPI.cpp.o
                0x00081d1c                SPIClass::transfer(unsigned char, unsigned char, SPITransferMode)
 *fill*         0x00081d7a        0x2 
 .text.startup._GLOBAL__sub_I__ZN8SPIClassC2EP3SpimPFvvE
                0x00081d7c       0x24 SPI\SPI.cpp.o
 .text._ZN16VisualMicroDebug16DBG_YieldAndWaitEmb
                0x00081da0       0x1a VM_DBG\VM_DBG.cpp.o
                0x00081da0                VisualMicroDebug::DBG_YieldAndWait(unsigned long, bool)
 .text._ZN16VisualMicroDebug16DBG_YieldAndWaitEm
                0x00081dba        0x6 VM_DBG\VM_DBG.cpp.o
                0x00081dba                VisualMicroDebug::DBG_YieldAndWait(unsigned long)
 .text._ZN16VisualMicroDebug14outPacketStartEb
                0x00081dc0       0x28 VM_DBG\VM_DBG.cpp.o
                0x00081dc0                VisualMicroDebug::outPacketStart(bool)
 .text._ZN16VisualMicroDebug12outPacketEndEv
                0x00081de8        0x2 VM_DBG\VM_DBG.cpp.o
                0x00081de8                VisualMicroDebug::outPacketEnd()
 .text._ZN16VisualMicroDebug4initEm
                0x00081dea        0xe VM_DBG\VM_DBG.cpp.o
                0x00081dea                VisualMicroDebug::init(unsigned long)
 .text._ZN16VisualMicroDebug16sendContinuedACKEh
                0x00081df8       0x40 VM_DBG\VM_DBG.cpp.o
                0x00081df8                VisualMicroDebug::sendContinuedACK(unsigned char)
 .text.startup._GLOBAL__sub_I__ZN16VisualMicroDebug16DBG_YieldAndWaitEm
                0x00081e38       0x14 VM_DBG\VM_DBG.cpp.o
 .text._ZN16VisualMicroDebug5beginEm
                0x00081e4c       0x1c VM_DBG\VM_DBG.cpp.o
                0x00081e4c                VisualMicroDebug::begin(unsigned long)
 .text._ZN16VisualMicroDebug9breakWaitEh
                0x00081e68       0x60 VM_DBG\VM_DBG.cpp.o
                0x00081e68                VisualMicroDebug::breakWait(unsigned char)
 .text._ZN16VisualMicroDebug5startEbb
                0x00081ec8       0x26 VM_DBG\VM_DBG.cpp.o
                0x00081ec8                VisualMicroDebug::start(bool, bool)
 .text._Z11serialEventv
                0x00081eee        0x2 C:\Users\jpavery\AppData\Local\Temp\VMBCore\arduino16x\d2aaa88d240c538894d6ee8bd905a147\variant\variant.cpp.o
                0x00081eee                serialEvent()
 .text.UART_Handler
                0x00081ef0        0xc C:\Users\jpavery\AppData\Local\Temp\VMBCore\arduino16x\d2aaa88d240c538894d6ee8bd905a147\variant\variant.cpp.o
                0x00081ef0                UART_Handler
 .text._Z12serialEvent1v
                0x00081efc        0x2 C:\Users\jpavery\AppData\Local\Temp\VMBCore\arduino16x\d2aaa88d240c538894d6ee8bd905a147\variant\variant.cpp.o
                0x00081efc                serialEvent1()
 .text._Z12serialEvent2v
                0x00081efe        0x2 C:\Users\jpavery\AppData\Local\Temp\VMBCore\arduino16x\d2aaa88d240c538894d6ee8bd905a147\variant\variant.cpp.o
                0x00081efe                serialEvent2()
 .text._Z12serialEvent3v
                0x00081f00        0x2 C:\Users\jpavery\AppData\Local\Temp\VMBCore\arduino16x\d2aaa88d240c538894d6ee8bd905a147\variant\variant.cpp.o
                0x00081f00                serialEvent3()
 *fill*         0x00081f02        0x2 
 .text.USART0_Handler
                0x00081f04        0xc C:\Users\jpavery\AppData\Local\Temp\VMBCore\arduino16x\d2aaa88d240c538894d6ee8bd905a147\variant\variant.cpp.o
                0x00081f04                USART0_Handler
 .text.USART1_Handler
                0x00081f10        0xc C:\Users\jpavery\AppData\Local\Temp\VMBCore\arduino16x\d2aaa88d240c538894d6ee8bd905a147\variant\variant.cpp.o
                0x00081f10                USART1_Handler
 .text.USART3_Handler
                0x00081f1c        0xc C:\Users\jpavery\AppData\Local\Temp\VMBCore\arduino16x\d2aaa88d240c538894d6ee8bd905a147\variant\variant.cpp.o
                0x00081f1c                USART3_Handler
 .text.init     0x00081f28      0x128 C:\Users\jpavery\AppData\Local\Temp\VMBCore\arduino16x\d2aaa88d240c538894d6ee8bd905a147\variant\variant.cpp.o
                0x00081f28                init
 .text.startup._GLOBAL__sub_I_g_APinDescription
                0x00082050       0xd4 C:\Users\jpavery\AppData\Local\Temp\VMBCore\arduino16x\d2aaa88d240c538894d6ee8bd905a147\variant\variant.cpp.o
 .text._Z14serialEventRunv
                0x00082124       0x44 C:\Users\jpavery\AppData\Local\Temp\VMBCore\arduino16x\d2aaa88d240c538894d6ee8bd905a147\variant\variant.cpp.o
                0x00082124                serialEventRun()
 .text.PIO_PullUp
                0x00082168        0xa C:\Users\jpavery\AppData\Local\arduino15\packages\arduino\hardware\sam\1.6.12\variants\arduino_due_x/libsam_sam3x8e_gcc_rel.a(pio.o)
                0x00082168                PIO_PullUp
 .text.PIO_Get  0x00082172       0x14 C:\Users\jpavery\AppData\Local\arduino15\packages\arduino\hardware\sam\1.6.12\variants\arduino_due_x/libsam_sam3x8e_gcc_rel.a(pio.o)
                0x00082172                PIO_Get
 .text.PIO_SetPeripheral
                0x00082186       0x26 C:\Users\jpavery\AppData\Local\arduino15\packages\arduino\hardware\sam\1.6.12\variants\arduino_due_x/libsam_sam3x8e_gcc_rel.a(pio.o)
                0x00082186                PIO_SetPeripheral
 .text.PIO_SetInput
                0x000821ac       0x26 C:\Users\jpavery\AppData\Local\arduino15\packages\arduino\hardware\sam\1.6.12\variants\arduino_due_x/libsam_sam3x8e_gcc_rel.a(pio.o)
                0x000821ac                PIO_SetInput
 .text.PIO_SetOutput
                0x000821d2       0x24 C:\Users\jpavery\AppData\Local\arduino15\packages\arduino\hardware\sam\1.6.12\variants\arduino_due_x/libsam_sam3x8e_gcc_rel.a(pio.o)
                0x000821d2                PIO_SetOutput
 *fill*         0x000821f6        0x2 
 .text.PIO_Configure
                0x000821f8       0x64 C:\Users\jpavery\AppData\Local\arduino15\packages\arduino\hardware\sam\1.6.12\variants\arduino_due_x/libsam_sam3x8e_gcc_rel.a(pio.o)
                0x000821f8                PIO_Configure
 .text.PIO_GetOutputDataStatus
                0x0008225c       0x14 C:\Users\jpavery\AppData\Local\arduino15\packages\arduino\hardware\sam\1.6.12\variants\arduino_due_x/libsam_sam3x8e_gcc_rel.a(pio.o)
                0x0008225c                PIO_GetOutputDataStatus
 .text.pmc_enable_upll_clock
                0x00082270       0x14 C:\Users\jpavery\AppData\Local\arduino15\packages\arduino\hardware\sam\1.6.12\variants\arduino_due_x/libsam_sam3x8e_gcc_rel.a(pmc.o)
                0x00082270                pmc_enable_upll_clock
 .text.pmc_enable_periph_clk
                0x00082284       0x44 C:\Users\jpavery\AppData\Local\arduino15\packages\arduino\hardware\sam\1.6.12\variants\arduino_due_x/libsam_sam3x8e_gcc_rel.a(pmc.o)
                0x00082284                pmc_enable_periph_clk
 .text.pmc_disable_periph_clk
                0x000822c8       0x40 C:\Users\jpavery\AppData\Local\arduino15\packages\arduino\hardware\sam\1.6.12\variants\arduino_due_x/libsam_sam3x8e_gcc_rel.a(pmc.o)
                0x000822c8                pmc_disable_periph_clk
 .text.pmc_switch_udpck_to_upllck
                0x00082308       0x14 C:\Users\jpavery\AppData\Local\arduino15\packages\arduino\hardware\sam\1.6.12\variants\arduino_due_x/libsam_sam3x8e_gcc_rel.a(pmc.o)
                0x00082308                pmc_switch_udpck_to_upllck
 .text.pmc_enable_udpck
                0x0008231c        0xc C:\Users\jpavery\AppData\Local\arduino15\packages\arduino\hardware\sam\1.6.12\variants\arduino_due_x/libsam_sam3x8e_gcc_rel.a(pmc.o)
                0x0008231c                pmc_enable_udpck
 .text.pmc_set_writeprotect
                0x00082328       0x1c C:\Users\jpavery\AppData\Local\arduino15\packages\arduino\hardware\sam\1.6.12\variants\arduino_due_x/libsam_sam3x8e_gcc_rel.a(pmc.o)
                0x00082328                pmc_set_writeprotect
 .text.SPI_Enable
                0x00082344        0x6 C:\Users\jpavery\AppData\Local\arduino15\packages\arduino\hardware\sam\1.6.12\variants\arduino_due_x/libsam_sam3x8e_gcc_rel.a(spi.o)
                0x00082344                SPI_Enable
 *fill*         0x0008234a        0x2 
 .text.SPI_Configure
                0x0008234c       0x20 C:\Users\jpavery\AppData\Local\arduino15\packages\arduino\hardware\sam\1.6.12\variants\arduino_due_x/libsam_sam3x8e_gcc_rel.a(spi.o)
                0x0008234c                SPI_Configure
 .text.SPI_ConfigureNPCS
                0x0008236c        0x8 C:\Users\jpavery\AppData\Local\arduino15\packages\arduino\hardware\sam\1.6.12\variants\arduino_due_x/libsam_sam3x8e_gcc_rel.a(spi.o)
                0x0008236c                SPI_ConfigureNPCS
 .text.TC_Configure
                0x00082374       0x38 C:\Users\jpavery\AppData\Local\arduino15\packages\arduino\hardware\sam\1.6.12\variants\arduino_due_x/libsam_sam3x8e_gcc_rel.a(tc.o)
                0x00082374                TC_Configure
 .text.TC_Start
                0x000823ac       0x2c C:\Users\jpavery\AppData\Local\arduino15\packages\arduino\hardware\sam\1.6.12\variants\arduino_due_x/libsam_sam3x8e_gcc_rel.a(tc.o)
                0x000823ac                TC_Start
 .text.TC_Stop  0x000823d8       0x2c C:\Users\jpavery\AppData\Local\arduino15\packages\arduino\hardware\sam\1.6.12\variants\arduino_due_x/libsam_sam3x8e_gcc_rel.a(tc.o)
                0x000823d8                TC_Stop
 .text.TC_GetStatus
                0x00082404        0x8 C:\Users\jpavery\AppData\Local\arduino15\packages\arduino\hardware\sam\1.6.12\variants\arduino_due_x/libsam_sam3x8e_gcc_rel.a(tc.o)
                0x00082404                TC_GetStatus
 .text.TC_SetRC
                0x0008240c        0x8 C:\Users\jpavery\AppData\Local\arduino15\packages\arduino\hardware\sam\1.6.12\variants\arduino_due_x/libsam_sam3x8e_gcc_rel.a(tc.o)
                0x0008240c                TC_SetRC
 .text.SystemInit
                0x00082414       0x88 C:\Users\jpavery\AppData\Local\arduino15\packages\arduino\hardware\sam\1.6.12\variants\arduino_due_x/libsam_sam3x8e_gcc_rel.a(system_sam3xa.o)
                0x00082414                SystemInit
 .text.Reset_Handler
                0x0008249c       0x78 C:\Users\jpavery\AppData\Local\arduino15\packages\arduino\hardware\sam\1.6.12\variants\arduino_due_x/libsam_sam3x8e_gcc_rel.a(startup_sam3xa.o)
                0x0008249c                Reset_Handler
 .text.adc_init
                0x00082514       0x98 C:\Users\jpavery\AppData\Local\arduino15\packages\arduino\hardware\sam\1.6.12\variants\arduino_due_x/libsam_sam3x8e_gcc_rel.a(adc.o)
                0x00082514                adc_init
 .text.adc_configure_trigger
                0x000825ac        0xe C:\Users\jpavery\AppData\Local\arduino15\packages\arduino\hardware\sam\1.6.12\variants\arduino_due_x/libsam_sam3x8e_gcc_rel.a(adc.o)
                0x000825ac                adc_configure_trigger
 .text.adc_configure_timing
                0x000825ba       0x1a C:\Users\jpavery\AppData\Local\arduino15\packages\arduino\hardware\sam\1.6.12\variants\arduino_due_x/libsam_sam3x8e_gcc_rel.a(adc.o)
                0x000825ba                adc_configure_timing
 .text.adc_start
                0x000825d4        0x6 C:\Users\jpavery\AppData\Local\arduino15\packages\arduino\hardware\sam\1.6.12\variants\arduino_due_x/libsam_sam3x8e_gcc_rel.a(adc.o)
                0x000825d4                adc_start
 .text.adc_enable_channel
                0x000825da        0xa C:\Users\jpavery\AppData\Local\arduino15\packages\arduino\hardware\sam\1.6.12\variants\arduino_due_x/libsam_sam3x8e_gcc_rel.a(adc.o)
                0x000825da                adc_enable_channel
 .text.adc_disable_channel
                0x000825e4        0xa C:\Users\jpavery\AppData\Local\arduino15\packages\arduino\hardware\sam\1.6.12\variants\arduino_due_x/libsam_sam3x8e_gcc_rel.a(adc.o)
                0x000825e4                adc_disable_channel
 .text.adc_disable_all_channel
                0x000825ee        0x8 C:\Users\jpavery\AppData\Local\arduino15\packages\arduino\hardware\sam\1.6.12\variants\arduino_due_x/libsam_sam3x8e_gcc_rel.a(adc.o)
                0x000825ee                adc_disable_all_channel
 .text.adc_get_channel_status
                0x000825f6        0xa C:\Users\jpavery\AppData\Local\arduino15\packages\arduino\hardware\sam\1.6.12\variants\arduino_due_x/libsam_sam3x8e_gcc_rel.a(adc.o)
                0x000825f6                adc_get_channel_status
 .text.adc_get_latest_value
                0x00082600        0x4 C:\Users\jpavery\AppData\Local\arduino15\packages\arduino\hardware\sam\1.6.12\variants\arduino_due_x/libsam_sam3x8e_gcc_rel.a(adc.o)
                0x00082600                adc_get_latest_value
 .text.adc_disable_interrupt
                0x00082604        0x4 C:\Users\jpavery\AppData\Local\arduino15\packages\arduino\hardware\sam\1.6.12\variants\arduino_due_x/libsam_sam3x8e_gcc_rel.a(adc.o)
                0x00082604                adc_disable_interrupt
 .text.adc_get_status
                0x00082608        0x4 C:\Users\jpavery\AppData\Local\arduino15\packages\arduino\hardware\sam\1.6.12\variants\arduino_due_x/libsam_sam3x8e_gcc_rel.a(adc.o)
                0x00082608                adc_get_status
 .text.UOTGHS_Handler
                0x0008260c       0x10 C:\Users\jpavery\AppData\Local\arduino15\packages\arduino\hardware\sam\1.6.12\variants\arduino_due_x/libsam_sam3x8e_gcc_rel.a(uotghs.o)
                0x0008260c                UOTGHS_Handler
 .text.__halt   0x0008261c        0x2 C:\Users\jpavery\AppData\Local\Temp\VMBuilds\ScouseTom_Control_NOCS\arduino_due_x_dbg\Debug/core.a(cortex_handlers.c.o)
                0x0008261c                DACC_Handler
                0x0008261c                DebugMon_Handler
                0x0008261c                DMAC_Handler
                0x0008261c                TRNG_Handler
                0x0008261c                HardFault_Handler
                0x0008261c                TC2_Handler
                0x0008261c                TWI1_Handler
                0x0008261c                NMI_Handler
                0x0008261c                TC7_Handler
                0x0008261c                ADC_Handler
                0x0008261c                SMC_Handler
                0x0008261c                RTT_Handler
                0x0008261c                EFC1_Handler
                0x0008261c                PIOB_Handler
                0x0008261c                RTC_Handler
                0x0008261c                UsageFault_Handler
                0x0008261c                TC6_Handler
                0x0008261c                WDT_Handler
                0x0008261c                CAN0_Handler
                0x0008261c                TC1_Handler
                0x0008261c                HSMCI_Handler
                0x0008261c                TC3_Handler
                0x0008261c                TWI0_Handler
                0x0008261c                PIOA_Handler
                0x0008261c                SSC_Handler
                0x0008261c                EFC0_Handler
                0x0008261c                PMC_Handler
                0x0008261c                PWM_Handler
                0x0008261c                CAN1_Handler
                0x0008261c                MemManage_Handler
                0x0008261c                SUPC_Handler
                0x0008261c                USART2_Handler
                0x0008261c                PIOD_Handler
                0x0008261c                EMAC_Handler
                0x0008261c                PIOC_Handler
                0x0008261c                BusFault_Handler
                0x0008261c                RSTC_Handler
                0x0008261c                TC0_Handler
                0x0008261c                TC5_Handler
                0x0008261c                SPI0_Handler
 .text.SVC_Handler
                0x0008261e        0x4 C:\Users\jpavery\AppData\Local\Temp\VMBuilds\ScouseTom_Control_NOCS\arduino_due_x_dbg\Debug/core.a(cortex_handlers.c.o)
                0x0008261e                SVC_Handler
 .text.PendSV_Handler
                0x00082622        0x4 C:\Users\jpavery\AppData\Local\Temp\VMBuilds\ScouseTom_Control_NOCS\arduino_due_x_dbg\Debug/core.a(cortex_handlers.c.o)
                0x00082622                PendSV_Handler
 .text.SysTick_Handler
                0x00082626       0x16 C:\Users\jpavery\AppData\Local\Temp\VMBuilds\ScouseTom_Control_NOCS\arduino_due_x_dbg\Debug/core.a(cortex_handlers.c.o)
                0x00082626                SysTick_Handler
 .text.__empty  0x0008263c        0x2 C:\Users\jpavery\AppData\Local\Temp\VMBuilds\ScouseTom_Control_NOCS\arduino_due_x_dbg\Debug/core.a(hooks.c.o)
                0x0008263c                yield
 .text.__false  0x0008263e        0x4 C:\Users\jpavery\AppData\Local\Temp\VMBuilds\ScouseTom_Control_NOCS\arduino_due_x_dbg\Debug/core.a(hooks.c.o)
                0x0008263e                sysTickHook
 .text.__halt   0x00082642        0x2 C:\Users\jpavery\AppData\Local\Temp\VMBuilds\ScouseTom_Control_NOCS\arduino_due_x_dbg\Debug/core.a(hooks.c.o)
                0x00082642                svcHook
                0x00082642                pendSVHook
 .text._sbrk    0x00082644       0x1c C:\Users\jpavery\AppData\Local\Temp\VMBuilds\ScouseTom_Control_NOCS\arduino_due_x_dbg\Debug/core.a(syscalls_sam3.c.o)
                0x00082644                _sbrk
 .text.link     0x00082660        0x6 C:\Users\jpavery\AppData\Local\Temp\VMBuilds\ScouseTom_Control_NOCS\arduino_due_x_dbg\Debug/core.a(syscalls_sam3.c.o)
                0x00082660                link
 .text._close   0x00082666        0x6 C:\Users\jpavery\AppData\Local\Temp\VMBuilds\ScouseTom_Control_NOCS\arduino_due_x_dbg\Debug/core.a(syscalls_sam3.c.o)
                0x00082666                _close
 .text._fstat   0x0008266c        0xa C:\Users\jpavery\AppData\Local\Temp\VMBuilds\ScouseTom_Control_NOCS\arduino_due_x_dbg\Debug/core.a(syscalls_sam3.c.o)
                0x0008266c                _fstat
 .text._isatty  0x00082676        0x4 C:\Users\jpavery\AppData\Local\Temp\VMBuilds\ScouseTom_Control_NOCS\arduino_due_x_dbg\Debug/core.a(syscalls_sam3.c.o)
                0x00082676                _isatty
 .text._lseek   0x0008267a        0x4 C:\Users\jpavery\AppData\Local\Temp\VMBuilds\ScouseTom_Control_NOCS\arduino_due_x_dbg\Debug/core.a(syscalls_sam3.c.o)
                0x0008267a                _lseek
 .text._read    0x0008267e        0x4 C:\Users\jpavery\AppData\Local\Temp\VMBuilds\ScouseTom_Control_NOCS\arduino_due_x_dbg\Debug/core.a(syscalls_sam3.c.o)
                0x0008267e                _read
 *fill*         0x00082682        0x2 
 .text._write   0x00082684       0x24 C:\Users\jpavery\AppData\Local\Temp\VMBuilds\ScouseTom_Control_NOCS\arduino_due_x_dbg\Debug/core.a(syscalls_sam3.c.o)
                0x00082684                _write
 .text._exit    0x000826a8        0x2 C:\Users\jpavery\AppData\Local\Temp\VMBuilds\ScouseTom_Control_NOCS\arduino_due_x_dbg\Debug/core.a(syscalls_sam3.c.o)
                0x000826a8                _exit
 .text._kill    0x000826aa        0x2 C:\Users\jpavery\AppData\Local\Temp\VMBuilds\ScouseTom_Control_NOCS\arduino_due_x_dbg\Debug/core.a(syscalls_sam3.c.o)
                0x000826aa                _kill
 .text._getpid  0x000826ac        0x6 C:\Users\jpavery\AppData\Local\Temp\VMBuilds\ScouseTom_Control_NOCS\arduino_due_x_dbg\Debug/core.a(syscalls_sam3.c.o)
                0x000826ac                _getpid
 .text.millis   0x000826b2        0x4 C:\Users\jpavery\AppData\Local\Temp\VMBuilds\ScouseTom_Control_NOCS\arduino_due_x_dbg\Debug/core.a(wiring.c.o)
                0x000826b2                millis
 *fill*         0x000826b6        0x2 
 .text.micros   0x000826b8       0x74 C:\Users\jpavery\AppData\Local\Temp\VMBuilds\ScouseTom_Control_NOCS\arduino_due_x_dbg\Debug/core.a(wiring.c.o)
                0x000826b8                micros
 .text.delay    0x0008272c       0x1c C:\Users\jpavery\AppData\Local\Temp\VMBuilds\ScouseTom_Control_NOCS\arduino_due_x_dbg\Debug/core.a(wiring.c.o)
                0x0008272c                delay
 .text.mapResolution
                0x00082748       0x12 C:\Users\jpavery\AppData\Local\Temp\VMBuilds\ScouseTom_Control_NOCS\arduino_due_x_dbg\Debug/core.a(wiring_analog.c.o)
 *fill*         0x0008275a        0x2 
 .text.analogRead
                0x0008275c       0x9c C:\Users\jpavery\AppData\Local\Temp\VMBuilds\ScouseTom_Control_NOCS\arduino_due_x_dbg\Debug/core.a(wiring_analog.c.o)
                0x0008275c                analogRead
 .text.analogOutputInit
                0x000827f8        0x2 C:\Users\jpavery\AppData\Local\Temp\VMBuilds\ScouseTom_Control_NOCS\arduino_due_x_dbg\Debug/core.a(wiring_analog.c.o)
                0x000827f8                analogOutputInit
 *fill*         0x000827fa        0x2 
 .text.pinMode  0x000827fc      0x108 C:\Users\jpavery\AppData\Local\Temp\VMBuilds\ScouseTom_Control_NOCS\arduino_due_x_dbg\Debug/core.a(wiring_digital.c.o)
                0x000827fc                pinMode
 .text.digitalWrite
                0x00082904       0x70 C:\Users\jpavery\AppData\Local\Temp\VMBuilds\ScouseTom_Control_NOCS\arduino_due_x_dbg\Debug/core.a(wiring_digital.c.o)
                0x00082904                digitalWrite
 .text.digitalRead
                0x00082974       0x44 C:\Users\jpavery\AppData\Local\Temp\VMBuilds\ScouseTom_Control_NOCS\arduino_due_x_dbg\Debug/core.a(wiring_digital.c.o)
                0x00082974                digitalRead
 .text.initVariant
                0x000829b8        0x2 C:\Users\jpavery\AppData\Local\Temp\VMBuilds\ScouseTom_Control_NOCS\arduino_due_x_dbg\Debug/core.a(main.cpp.o)
                0x000829b8                initVariant
 *fill*         0x000829ba        0x2 
 .text.startup.main
                0x000829bc       0x38 C:\Users\jpavery\AppData\Local\Temp\VMBuilds\ScouseTom_Control_NOCS\arduino_due_x_dbg\Debug/core.a(main.cpp.o)
                0x000829bc                main
 .text._ZN5Print5writeEPKhj
                0x000829f4       0x22 C:\Users\jpavery\AppData\Local\Temp\VMBuilds\ScouseTom_Control_NOCS\arduino_due_x_dbg\Debug/core.a(Print.cpp.o)
                0x000829f4                Print::write(unsigned char const*, unsigned int)
 .text._ZN5Print5printEmi.part.3
                0x00082a16        0xc C:\Users\jpavery\AppData\Local\Temp\VMBuilds\ScouseTom_Control_NOCS\arduino_due_x_dbg\Debug/core.a(Print.cpp.o)
 .text._ZN5Print5writeEPKc
                0x00082a22       0x1e C:\Users\jpavery\AppData\Local\Temp\VMBuilds\ScouseTom_Control_NOCS\arduino_due_x_dbg\Debug/core.a(Print.cpp.o)
                0x00082a22                Print::write(char const*)
 .text._ZN5Print5printEPKc
                0x00082a40        0x8 C:\Users\jpavery\AppData\Local\Temp\VMBuilds\ScouseTom_Control_NOCS\arduino_due_x_dbg\Debug/core.a(Print.cpp.o)
                0x00082a40                Print::print(char const*)
 .text._ZN5Print5printEc
                0x00082a48        0xa C:\Users\jpavery\AppData\Local\Temp\VMBuilds\ScouseTom_Control_NOCS\arduino_due_x_dbg\Debug/core.a(Print.cpp.o)
                0x00082a48                Print::print(char)
 *fill*         0x00082a52        0x2 
 .text._ZN5Print7printlnEv
                0x00082a54       0x10 C:\Users\jpavery\AppData\Local\Temp\VMBuilds\ScouseTom_Control_NOCS\arduino_due_x_dbg\Debug/core.a(Print.cpp.o)
                0x00082a54                Print::println()
 .text._ZN5Print7printlnEPKc
                0x00082a64       0x14 C:\Users\jpavery\AppData\Local\Temp\VMBuilds\ScouseTom_Control_NOCS\arduino_due_x_dbg\Debug/core.a(Print.cpp.o)
                0x00082a64                Print::println(char const*)
 .text._ZN5Print11printNumberEmh
                0x00082a78       0x3e C:\Users\jpavery\AppData\Local\Temp\VMBuilds\ScouseTom_Control_NOCS\arduino_due_x_dbg\Debug/core.a(Print.cpp.o)
                0x00082a78                Print::printNumber(unsigned long, unsigned char)
 .text._ZN5Print5printEli
                0x00082ab6       0x3c C:\Users\jpavery\AppData\Local\Temp\VMBuilds\ScouseTom_Control_NOCS\arduino_due_x_dbg\Debug/core.a(Print.cpp.o)
                0x00082ab6                Print::print(long, int)
 .text._ZN5Print5printEii
                0x00082af2        0x4 C:\Users\jpavery\AppData\Local\Temp\VMBuilds\ScouseTom_Control_NOCS\arduino_due_x_dbg\Debug/core.a(Print.cpp.o)
                0x00082af2                Print::print(int, int)
 .text._ZN5Print5printEmi
                0x00082af6        0xc C:\Users\jpavery\AppData\Local\Temp\VMBuilds\ScouseTom_Control_NOCS\arduino_due_x_dbg\Debug/core.a(Print.cpp.o)
                0x00082af6                Print::print(unsigned long, int)
 .text._ZN5Print5printEhi
                0x00082b02        0x4 C:\Users\jpavery\AppData\Local\Temp\VMBuilds\ScouseTom_Control_NOCS\arduino_due_x_dbg\Debug/core.a(Print.cpp.o)
                0x00082b02                Print::print(unsigned char, int)
 *fill*         0x00082b06        0x2 
 .text.initiateReset
                0x00082b08        0xc C:\Users\jpavery\AppData\Local\Temp\VMBuilds\ScouseTom_Control_NOCS\arduino_due_x_dbg\Debug/core.a(Reset.cpp.o)
                0x00082b08                initiateReset
 .text.cancelReset
                0x00082b14       0x10 C:\Users\jpavery\AppData\Local\Temp\VMBuilds\ScouseTom_Control_NOCS\arduino_due_x_dbg\Debug/core.a(Reset.cpp.o)
                0x00082b14                cancelReset
 .text.tickReset
                0x00082b24       0x20 C:\Users\jpavery\AppData\Local\Temp\VMBuilds\ScouseTom_Control_NOCS\arduino_due_x_dbg\Debug/core.a(Reset.cpp.o)
                0x00082b24                tickReset
 .text._ZN10RingBufferC2Ev
                0x00082b44       0x1a C:\Users\jpavery\AppData\Local\Temp\VMBuilds\ScouseTom_Control_NOCS\arduino_due_x_dbg\Debug/core.a(RingBuffer.cpp.o)
                0x00082b44                RingBuffer::RingBuffer()
                0x00082b44                RingBuffer::RingBuffer()
 .text._ZN10RingBuffer10store_charEh
                0x00082b5e       0x1e C:\Users\jpavery\AppData\Local\Temp\VMBuilds\ScouseTom_Control_NOCS\arduino_due_x_dbg\Debug/core.a(RingBuffer.cpp.o)
                0x00082b5e                RingBuffer::store_char(unsigned char)
 .text._ZN9UARTClasscvbEv
                0x00082b7c        0x4 C:\Users\jpavery\AppData\Local\Temp\VMBuilds\ScouseTom_Control_NOCS\arduino_due_x_dbg\Debug/core.a(UARTClass.cpp.o)
                0x00082b7c                UARTClass::operator bool()
 .text._ZN9UARTClass9availableEv
                0x00082b80       0x12 C:\Users\jpavery\AppData\Local\Temp\VMBuilds\ScouseTom_Control_NOCS\arduino_due_x_dbg\Debug/core.a(UARTClass.cpp.o)
                0x00082b80                UARTClass::available()
 .text._ZN9UARTClass4peekEv
                0x00082b92       0x1c C:\Users\jpavery\AppData\Local\Temp\VMBuilds\ScouseTom_Control_NOCS\arduino_due_x_dbg\Debug/core.a(UARTClass.cpp.o)
                0x00082b92                UARTClass::peek()
 .text._ZN9UARTClass4readEv
                0x00082bae       0x2a C:\Users\jpavery\AppData\Local\Temp\VMBuilds\ScouseTom_Control_NOCS\arduino_due_x_dbg\Debug/core.a(UARTClass.cpp.o)
                0x00082bae                UARTClass::read()
 .text._ZN9UARTClass5flushEv
                0x00082bd8       0x18 C:\Users\jpavery\AppData\Local\Temp\VMBuilds\ScouseTom_Control_NOCS\arduino_due_x_dbg\Debug/core.a(UARTClass.cpp.o)
                0x00082bd8                UARTClass::flush()
 .text._ZN9UARTClass5writeEh
                0x00082bf0       0x54 C:\Users\jpavery\AppData\Local\Temp\VMBuilds\ScouseTom_Control_NOCS\arduino_due_x_dbg\Debug/core.a(UARTClass.cpp.o)
                0x00082bf0                UARTClass::write(unsigned char)
 .text._ZN9UARTClass3endEv
                0x00082c44       0x3c C:\Users\jpavery\AppData\Local\Temp\VMBuilds\ScouseTom_Control_NOCS\arduino_due_x_dbg\Debug/core.a(UARTClass.cpp.o)
                0x00082c44                UARTClass::end()
 .text._ZN9UARTClassC2EP4Uart4IRQnmP10RingBufferS4_
                0x00082c80       0x24 C:\Users\jpavery\AppData\Local\Temp\VMBuilds\ScouseTom_Control_NOCS\arduino_due_x_dbg\Debug/core.a(UARTClass.cpp.o)
                0x00082c80                UARTClass::UARTClass(Uart*, IRQn, unsigned long, RingBuffer*, RingBuffer*)
                0x00082c80                UARTClass::UARTClass(Uart*, IRQn, unsigned long, RingBuffer*, RingBuffer*)
 .text._ZN9UARTClass4initEmm
                0x00082ca4       0x70 C:\Users\jpavery\AppData\Local\Temp\VMBuilds\ScouseTom_Control_NOCS\arduino_due_x_dbg\Debug/core.a(UARTClass.cpp.o)
                0x00082ca4                UARTClass::init(unsigned long, unsigned long)
 .text._ZN9UARTClass5beginEm
                0x00082d14        0x8 C:\Users\jpavery\AppData\Local\Temp\VMBuilds\ScouseTom_Control_NOCS\arduino_due_x_dbg\Debug/core.a(UARTClass.cpp.o)
                0x00082d14                UARTClass::begin(unsigned long)
 .text._ZN9UARTClass10IrqHandlerEv
                0x00082d1c       0x5a C:\Users\jpavery\AppData\Local\Temp\VMBuilds\ScouseTom_Control_NOCS\arduino_due_x_dbg\Debug/core.a(UARTClass.cpp.o)
                0x00082d1c                UARTClass::IrqHandler()
 .text._ZN10USARTClass5beginEm
                0x00082d76        0x8 C:\Users\jpavery\AppData\Local\Temp\VMBuilds\ScouseTom_Control_NOCS\arduino_due_x_dbg\Debug/core.a(USARTClass.cpp.o)
                0x00082d76                USARTClass::begin(unsigned long)
 *fill*         0x00082d7e        0x2 
 .text._ZN10USARTClassC2EP5Usart4IRQnmP10RingBufferS4_
                0x00082d80       0x24 C:\Users\jpavery\AppData\Local\Temp\VMBuilds\ScouseTom_Control_NOCS\arduino_due_x_dbg\Debug/core.a(USARTClass.cpp.o)
                0x00082d80                USARTClass::USARTClass(Usart*, IRQn, unsigned long, RingBuffer*, RingBuffer*)
                0x00082d80                USARTClass::USARTClass(Usart*, IRQn, unsigned long, RingBuffer*, RingBuffer*)
 .text._watchdogDefaultSetup
                0x00082da4        0xc C:\Users\jpavery\AppData\Local\Temp\VMBuilds\ScouseTom_Control_NOCS\arduino_due_x_dbg\Debug/core.a(watchdog.cpp.o)
                0x00082da4                _watchdogDefaultSetup
                0x00082da4                watchdogSetup()
 .text._Z10randomSeedm
                0x00082db0        0x8 C:\Users\jpavery\AppData\Local\Temp\VMBuilds\ScouseTom_Control_NOCS\arduino_due_x_dbg\Debug/core.a(WMath.cpp.o)
                0x00082db0                randomSeed(unsigned long)
 .text._Z6randoml
                0x00082db8       0x16 C:\Users\jpavery\AppData\Local\Temp\VMBuilds\ScouseTom_Control_NOCS\arduino_due_x_dbg\Debug/core.a(WMath.cpp.o)
                0x00082db8                random(long)
 .text._ZN6StringD2Ev
                0x00082dce        0xe C:\Users\jpavery\AppData\Local\Temp\VMBuilds\ScouseTom_Control_NOCS\arduino_due_x_dbg\Debug/core.a(WString.cpp.o)
                0x00082dce                String::~String()
                0x00082dce                String::~String()
 .text._ZN6String10invalidateEv
                0x00082ddc       0x16 C:\Users\jpavery\AppData\Local\Temp\VMBuilds\ScouseTom_Control_NOCS\arduino_due_x_dbg\Debug/core.a(WString.cpp.o)
                0x00082ddc                String::invalidate()
 .text._ZN6String12changeBufferEj
                0x00082df2       0x18 C:\Users\jpavery\AppData\Local\Temp\VMBuilds\ScouseTom_Control_NOCS\arduino_due_x_dbg\Debug/core.a(WString.cpp.o)
                0x00082df2                String::changeBuffer(unsigned int)
 .text._ZN6String7reserveEj
                0x00082e0a       0x22 C:\Users\jpavery\AppData\Local\Temp\VMBuilds\ScouseTom_Control_NOCS\arduino_due_x_dbg\Debug/core.a(WString.cpp.o)
                0x00082e0a                String::reserve(unsigned int)
 .text._ZN6String4copyEPKcj
                0x00082e2c       0x26 C:\Users\jpavery\AppData\Local\Temp\VMBuilds\ScouseTom_Control_NOCS\arduino_due_x_dbg\Debug/core.a(WString.cpp.o)
                0x00082e2c                String::copy(char const*, unsigned int)
 .text._ZN6StringC2EPKc
                0x00082e52       0x24 C:\Users\jpavery\AppData\Local\Temp\VMBuilds\ScouseTom_Control_NOCS\arduino_due_x_dbg\Debug/core.a(WString.cpp.o)
                0x00082e52                String::String(char const*)
                0x00082e52                String::String(char const*)
 *fill*         0x00082e76        0x2 
 .text.unlikely._ZL11USB_SendZlpv
                0x00082e78       0x20 C:\Users\jpavery\AppData\Local\Temp\VMBuilds\ScouseTom_Control_NOCS\arduino_due_x_dbg\Debug/core.a(USBCore.cpp.o)
 .text._Z14USBD_Availablem
                0x00082e98       0x2c C:\Users\jpavery\AppData\Local\Temp\VMBuilds\ScouseTom_Control_NOCS\arduino_due_x_dbg\Debug/core.a(USBCore.cpp.o)
                0x00082e98                USBD_Available(unsigned long)
 .text._Z9USBD_RecvmPvm
                0x00082ec4       0x7c C:\Users\jpavery\AppData\Local\Temp\VMBuilds\ScouseTom_Control_NOCS\arduino_due_x_dbg\Debug/core.a(USBCore.cpp.o)
                0x00082ec4                USBD_Recv(unsigned long, void*, unsigned long)
 .text._Z9USBD_Recvm
                0x00082f40       0x22 C:\Users\jpavery\AppData\Local\Temp\VMBuilds\ScouseTom_Control_NOCS\arduino_due_x_dbg\Debug/core.a(USBCore.cpp.o)
                0x00082f40                USBD_Recv(unsigned long)
 *fill*         0x00082f62        0x2 
 .text._Z9USBD_SendmPKvm
                0x00082f64       0x4c C:\Users\jpavery\AppData\Local\Temp\VMBuilds\ScouseTom_Control_NOCS\arduino_due_x_dbg\Debug/core.a(USBCore.cpp.o)
                0x00082f64                USBD_Send(unsigned long, void const*, unsigned long)
 .text._Z16USBD_SendControlhPKvm
                0x00082fb0       0x40 C:\Users\jpavery\AppData\Local\Temp\VMBuilds\ScouseTom_Control_NOCS\arduino_due_x_dbg\Debug/core.a(USBCore.cpp.o)
                0x00082fb0                USBD_SendControl(unsigned char, void const*, unsigned long)
 .text.unlikely._ZL24USB_SendStringDescriptorPKhi
                0x00082ff0       0x64 C:\Users\jpavery\AppData\Local\Temp\VMBuilds\ScouseTom_Control_NOCS\arduino_due_x_dbg\Debug/core.a(USBCore.cpp.o)
 .text._Z16USBD_RecvControlPvm
                0x00083054       0x1c C:\Users\jpavery\AppData\Local\Temp\VMBuilds\ScouseTom_Control_NOCS\arduino_due_x_dbg\Debug/core.a(USBCore.cpp.o)
                0x00083054                USBD_RecvControl(void*, unsigned long)
 .text._Z26USBD_ClassInterfaceRequestR8USBSetup
                0x00083070       0x1e C:\Users\jpavery\AppData\Local\Temp\VMBuilds\ScouseTom_Control_NOCS\arduino_due_x_dbg\Debug/core.a(USBCore.cpp.o)
                0x00083070                USBD_ClassInterfaceRequest(USBSetup&)
 .text._Z19USBD_SendInterfacesv
                0x0008308e       0x22 C:\Users\jpavery\AppData\Local\Temp\VMBuilds\ScouseTom_Control_NOCS\arduino_due_x_dbg\Debug/core.a(USBCore.cpp.o)
                0x0008308e                USBD_SendInterfaces()
 .text._Z24USBD_SendOtherInterfacesv
                0x000830b0       0x22 C:\Users\jpavery\AppData\Local\Temp\VMBuilds\ScouseTom_Control_NOCS\arduino_due_x_dbg\Debug/core.a(USBCore.cpp.o)
                0x000830b0                USBD_SendOtherInterfaces()
 .text._Z10USBD_Flushm
                0x000830d2       0x16 C:\Users\jpavery\AppData\Local\Temp\VMBuilds\ScouseTom_Control_NOCS\arduino_due_x_dbg\Debug/core.a(USBCore.cpp.o)
                0x000830d2                USBD_Flush(unsigned long)
 .text._ZN10USBDevice_C2Ev
                0x000830e8       0x24 C:\Users\jpavery\AppData\Local\Temp\VMBuilds\ScouseTom_Control_NOCS\arduino_due_x_dbg\Debug/core.a(USBCore.cpp.o)
                0x000830e8                USBDevice_::USBDevice_()
                0x000830e8                USBDevice_::USBDevice_()
 .text._ZN10USBDevice_6attachEv
                0x0008310c       0x20 C:\Users\jpavery\AppData\Local\Temp\VMBuilds\ScouseTom_Control_NOCS\arduino_due_x_dbg\Debug/core.a(USBCore.cpp.o)
                0x0008310c                USBDevice_::attach()
 .text.startup._GLOBAL__sub_I_EndPoints
                0x0008312c        0xc C:\Users\jpavery\AppData\Local\Temp\VMBuilds\ScouseTom_Control_NOCS\arduino_due_x_dbg\Debug/core.a(USBCore.cpp.o)
 .text._ZL7USB_ISRv
                0x00083138      0x454 C:\Users\jpavery\AppData\Local\Temp\VMBuilds\ScouseTom_Control_NOCS\arduino_due_x_dbg\Debug/core.a(USBCore.cpp.o)
 .text._ZN7Serial_9availableEv
                0x0008358c       0x18 C:\Users\jpavery\AppData\Local\Temp\VMBuilds\ScouseTom_Control_NOCS\arduino_due_x_dbg\Debug/core.a(CDC.cpp.o)
                0x0008358c                Serial_::available()
 .text._ZN7Serial_17availableForWriteEv
                0x000835a4        0x6 C:\Users\jpavery\AppData\Local\Temp\VMBuilds\ScouseTom_Control_NOCS\arduino_due_x_dbg\Debug/core.a(CDC.cpp.o)
                0x000835a4                Serial_::availableForWrite()
 *fill*         0x000835aa        0x2 
 .text._ZN7Serial_4peekEv
                0x000835ac       0x20 C:\Users\jpavery\AppData\Local\Temp\VMBuilds\ScouseTom_Control_NOCS\arduino_due_x_dbg\Debug/core.a(CDC.cpp.o)
                0x000835ac                Serial_::peek()
 .text._ZN7Serial_5writeEh
                0x000835cc       0x16 C:\Users\jpavery\AppData\Local\Temp\VMBuilds\ScouseTom_Control_NOCS\arduino_due_x_dbg\Debug/core.a(CDC.cpp.o)
                0x000835cc                Serial_::write(unsigned char)
 *fill*         0x000835e2        0x2 
 .text._ZN7Serial_4readEv
                0x000835e4       0x44 C:\Users\jpavery\AppData\Local\Temp\VMBuilds\ScouseTom_Control_NOCS\arduino_due_x_dbg\Debug/core.a(CDC.cpp.o)
                0x000835e4                Serial_::read()
 .text._ZN7Serial_5flushEv
                0x00083628        0x6 C:\Users\jpavery\AppData\Local\Temp\VMBuilds\ScouseTom_Control_NOCS\arduino_due_x_dbg\Debug/core.a(CDC.cpp.o)
                0x00083628                Serial_::flush()
 *fill*         0x0008362e        0x2 
 .text._ZN7Serial_6acceptEv
                0x00083630       0x70 C:\Users\jpavery\AppData\Local\Temp\VMBuilds\ScouseTom_Control_NOCS\arduino_due_x_dbg\Debug/core.a(CDC.cpp.o)
                0x00083630                Serial_::accept()
 .text._ZN7Serial_5writeEPKhj
                0x000836a0       0x2c C:\Users\jpavery\AppData\Local\Temp\VMBuilds\ScouseTom_Control_NOCS\arduino_due_x_dbg\Debug/core.a(CDC.cpp.o)
                0x000836a0                Serial_::write(unsigned char const*, unsigned int)
 .text._Z16CDC_GetInterfacePh
                0x000836cc       0x14 C:\Users\jpavery\AppData\Local\Temp\VMBuilds\ScouseTom_Control_NOCS\arduino_due_x_dbg\Debug/core.a(CDC.cpp.o)
                0x000836cc                CDC_GetInterface(unsigned char*)
 .text._Z21CDC_GetOtherInterfacePh
                0x000836e0       0x14 C:\Users\jpavery\AppData\Local\Temp\VMBuilds\ScouseTom_Control_NOCS\arduino_due_x_dbg\Debug/core.a(CDC.cpp.o)
                0x000836e0                CDC_GetOtherInterface(unsigned char*)
 .text._Z9CDC_SetupR8USBSetup
                0x000836f4       0x78 C:\Users\jpavery\AppData\Local\Temp\VMBuilds\ScouseTom_Control_NOCS\arduino_due_x_dbg\Debug/core.a(CDC.cpp.o)
                0x000836f4                CDC_Setup(USBSetup&)
 .text.startup._GLOBAL__sub_I_cdc_rx_buffer
                0x0008376c       0x1c C:\Users\jpavery\AppData\Local\Temp\VMBuilds\ScouseTom_Control_NOCS\arduino_due_x_dbg\Debug/core.a(CDC.cpp.o)
 .text._ZN13PluggableUSB_12getInterfaceEPh
                0x00083788       0x28 C:\Users\jpavery\AppData\Local\Temp\VMBuilds\ScouseTom_Control_NOCS\arduino_due_x_dbg\Debug/core.a(PluggableUSB.cpp.o)
                0x00083788                PluggableUSB_::getInterface(unsigned char*)
 .text._ZN13PluggableUSB_13getDescriptorER8USBSetup
                0x000837b0       0x1c C:\Users\jpavery\AppData\Local\Temp\VMBuilds\ScouseTom_Control_NOCS\arduino_due_x_dbg\Debug/core.a(PluggableUSB.cpp.o)
                0x000837b0                PluggableUSB_::getDescriptor(USBSetup&)
 .text._ZN13PluggableUSB_12getShortNameEPc
                0x000837cc       0x1c C:\Users\jpavery\AppData\Local\Temp\VMBuilds\ScouseTom_Control_NOCS\arduino_due_x_dbg\Debug/core.a(PluggableUSB.cpp.o)
                0x000837cc                PluggableUSB_::getShortName(char*)
 .text._ZN13PluggableUSB_5setupER8USBSetup
                0x000837e8       0x20 C:\Users\jpavery\AppData\Local\Temp\VMBuilds\ScouseTom_Control_NOCS\arduino_due_x_dbg\Debug/core.a(PluggableUSB.cpp.o)
                0x000837e8                PluggableUSB_::setup(USBSetup&)
 .text._Z12PluggableUSBv
                0x00083808       0x28 C:\Users\jpavery\AppData\Local\Temp\VMBuilds\ScouseTom_Control_NOCS\arduino_due_x_dbg\Debug/core.a(PluggableUSB.cpp.o)
                0x00083808                PluggableUSB()
 .text.TimeTick_Increment
                0x00083830       0x10 C:\Users\jpavery\AppData\Local\arduino15\packages\arduino\hardware\sam\1.6.12\variants\arduino_due_x/libsam_sam3x8e_gcc_rel.a(timetick.o)
                0x00083830                TimeTick_Increment
 .text.GetTickCount
                0x00083840        0xc C:\Users\jpavery\AppData\Local\arduino15\packages\arduino\hardware\sam\1.6.12\variants\arduino_due_x/libsam_sam3x8e_gcc_rel.a(timetick.o)
                0x00083840                GetTickCount
 .text.WDT_Disable
                0x0008384c        0x8 C:\Users\jpavery\AppData\Local\arduino15\packages\arduino\hardware\sam\1.6.12\variants\arduino_due_x/libsam_sam3x8e_gcc_rel.a(wdt.o)
                0x0008384c                WDT_Disable
 .text.UDD_SetStack
                0x00083854        0xc C:\Users\jpavery\AppData\Local\arduino15\packages\arduino\hardware\sam\1.6.12\variants\arduino_due_x/libsam_sam3x8e_gcc_rel.a(uotghs_device.o)
                0x00083854                UDD_SetStack
 .text.UDD_Init
                0x00083860       0xd0 C:\Users\jpavery\AppData\Local\arduino15\packages\arduino\hardware\sam\1.6.12\variants\arduino_due_x/libsam_sam3x8e_gcc_rel.a(uotghs_device.o)
                0x00083860                UDD_Init
 .text.UDD_Attach
                0x00083930       0x50 C:\Users\jpavery\AppData\Local\arduino15\packages\arduino\hardware\sam\1.6.12\variants\arduino_due_x/libsam_sam3x8e_gcc_rel.a(uotghs_device.o)
                0x00083930                UDD_Attach
 .text.UDD_InitEP
                0x00083980       0x2c C:\Users\jpavery\AppData\Local\arduino15\packages\arduino\hardware\sam\1.6.12\variants\arduino_due_x/libsam_sam3x8e_gcc_rel.a(uotghs_device.o)
                0x00083980                UDD_InitEP
 .text.UDD_InitEndpoints
                0x000839ac       0x3c C:\Users\jpavery\AppData\Local\arduino15\packages\arduino\hardware\sam\1.6.12\variants\arduino_due_x/libsam_sam3x8e_gcc_rel.a(uotghs_device.o)
                0x000839ac                UDD_InitEndpoints
 .text.UDD_WaitIN
                0x000839e8       0x10 C:\Users\jpavery\AppData\Local\arduino15\packages\arduino\hardware\sam\1.6.12\variants\arduino_due_x/libsam_sam3x8e_gcc_rel.a(uotghs_device.o)
                0x000839e8                UDD_WaitIN
 .text.UDD_WaitOUT
                0x000839f8       0x10 C:\Users\jpavery\AppData\Local\arduino15\packages\arduino\hardware\sam\1.6.12\variants\arduino_due_x/libsam_sam3x8e_gcc_rel.a(uotghs_device.o)
                0x000839f8                UDD_WaitOUT
 .text.UDD_ClearIN
                0x00083a08       0x18 C:\Users\jpavery\AppData\Local\arduino15\packages\arduino\hardware\sam\1.6.12\variants\arduino_due_x/libsam_sam3x8e_gcc_rel.a(uotghs_device.o)
                0x00083a08                UDD_ClearIN
 .text.UDD_ClearOUT
                0x00083a20       0x18 C:\Users\jpavery\AppData\Local\arduino15\packages\arduino\hardware\sam\1.6.12\variants\arduino_due_x/libsam_sam3x8e_gcc_rel.a(uotghs_device.o)
                0x00083a20                UDD_ClearOUT
 .text.UDD_ReceivedSetupInt
                0x00083a38       0x10 C:\Users\jpavery\AppData\Local\arduino15\packages\arduino\hardware\sam\1.6.12\variants\arduino_due_x/libsam_sam3x8e_gcc_rel.a(uotghs_device.o)
                0x00083a38                UDD_ReceivedSetupInt
 .text.UDD_ClearSetupInt
                0x00083a48       0x10 C:\Users\jpavery\AppData\Local\arduino15\packages\arduino\hardware\sam\1.6.12\variants\arduino_due_x/libsam_sam3x8e_gcc_rel.a(uotghs_device.o)
                0x00083a48                UDD_ClearSetupInt
 .text.UDD_Send
                0x00083a58       0x88 C:\Users\jpavery\AppData\Local\arduino15\packages\arduino\hardware\sam\1.6.12\variants\arduino_due_x/libsam_sam3x8e_gcc_rel.a(uotghs_device.o)
                0x00083a58                UDD_Send
 .text.UDD_Send8
                0x00083ae0       0x24 C:\Users\jpavery\AppData\Local\arduino15\packages\arduino\hardware\sam\1.6.12\variants\arduino_due_x/libsam_sam3x8e_gcc_rel.a(uotghs_device.o)
                0x00083ae0                UDD_Send8
 .text.UDD_Recv8
                0x00083b04       0x28 C:\Users\jpavery\AppData\Local\arduino15\packages\arduino\hardware\sam\1.6.12\variants\arduino_due_x/libsam_sam3x8e_gcc_rel.a(uotghs_device.o)
                0x00083b04                UDD_Recv8
 .text.UDD_Recv
                0x00083b2c       0x34 C:\Users\jpavery\AppData\Local\arduino15\packages\arduino\hardware\sam\1.6.12\variants\arduino_due_x/libsam_sam3x8e_gcc_rel.a(uotghs_device.o)
                0x00083b2c                UDD_Recv
 .text.UDD_Stall
                0x00083b60       0x14 C:\Users\jpavery\AppData\Local\arduino15\packages\arduino\hardware\sam\1.6.12\variants\arduino_due_x/libsam_sam3x8e_gcc_rel.a(uotghs_device.o)
                0x00083b60                UDD_Stall
 .text.UDD_FifoByteCount
                0x00083b74       0x14 C:\Users\jpavery\AppData\Local\arduino15\packages\arduino\hardware\sam\1.6.12\variants\arduino_due_x/libsam_sam3x8e_gcc_rel.a(uotghs_device.o)
                0x00083b74                UDD_FifoByteCount
 .text.UDD_ReleaseRX
                0x00083b88       0x28 C:\Users\jpavery\AppData\Local\arduino15\packages\arduino\hardware\sam\1.6.12\variants\arduino_due_x/libsam_sam3x8e_gcc_rel.a(uotghs_device.o)
                0x00083b88                UDD_ReleaseRX
 .text.UDD_ReleaseTX
                0x00083bb0       0x28 C:\Users\jpavery\AppData\Local\arduino15\packages\arduino\hardware\sam\1.6.12\variants\arduino_due_x/libsam_sam3x8e_gcc_rel.a(uotghs_device.o)
                0x00083bb0                UDD_ReleaseTX
 .text.UDD_SetAddress
                0x00083bd8       0x20 C:\Users\jpavery\AppData\Local\arduino15\packages\arduino\hardware\sam\1.6.12\variants\arduino_due_x/libsam_sam3x8e_gcc_rel.a(uotghs_device.o)
                0x00083bd8                UDD_SetAddress
 .text.__fpclassifyd
                0x00083bf8       0x50 c:/users/jpavery/appdata/local/arduino15/packages/arduino/tools/arm-none-eabi-gcc/4.8.3-2014q1/bin/../lib/gcc/arm-none-eabi/4.8.3/../../../../arm-none-eabi/lib/armv7-m\libm.a(lib_a-s_fpclassify.o)
                0x00083bf8                __fpclassifyd
 .text          0x00083c48      0x370 c:/users/jpavery/appdata/local/arduino15/packages/arduino/tools/arm-none-eabi-gcc/4.8.3-2014q1/bin/../lib/gcc/arm-none-eabi/4.8.3/armv7-m\libgcc.a(_arm_addsubdf3.o)
                0x00083c48                __aeabi_drsub
                0x00083c50                __aeabi_dsub
                0x00083c50                __subdf3
                0x00083c54                __aeabi_dadd
                0x00083c54                __adddf3
                0x00083ecc                __floatunsidf
                0x00083ecc                __aeabi_ui2d
                0x00083eec                __floatsidf
                0x00083eec                __aeabi_i2d
                0x00083f10                __aeabi_f2d
                0x00083f10                __extendsfdf2
                0x00083f4c                __floatundidf
                0x00083f4c                __aeabi_ul2d
                0x00083f5c                __floatdidf
                0x00083f5c                __aeabi_l2d
 .text          0x00083fb8      0x424 c:/users/jpavery/appdata/local/arduino15/packages/arduino/tools/arm-none-eabi-gcc/4.8.3-2014q1/bin/../lib/gcc/arm-none-eabi/4.8.3/armv7-m\libgcc.a(_arm_muldivdf3.o)
                0x00083fb8                __aeabi_dmul
                0x00083fb8                __muldf3
                0x0008420c                __divdf3
                0x0008420c                __aeabi_ddiv
 .text          0x000843dc      0x110 c:/users/jpavery/appdata/local/arduino15/packages/arduino/tools/arm-none-eabi-gcc/4.8.3-2014q1/bin/../lib/gcc/arm-none-eabi/4.8.3/armv7-m\libgcc.a(_arm_cmpdf2.o)
                0x000843dc                __gtdf2
                0x000843dc                __gedf2
                0x000843e4                __ltdf2
                0x000843e4                __ledf2
                0x000843ec                __nedf2
                0x000843ec                __eqdf2
                0x000843ec                __cmpdf2
                0x00084468                __aeabi_cdrcmple
                0x00084478                __aeabi_cdcmpeq
                0x00084478                __aeabi_cdcmple
                0x00084488                __aeabi_dcmpeq
                0x0008449c                __aeabi_dcmplt
                0x000844b0                __aeabi_dcmple
                0x000844c4                __aeabi_dcmpge
                0x000844d8                __aeabi_dcmpgt
 .text          0x000844ec       0x50 c:/users/jpavery/appdata/local/arduino15/packages/arduino/tools/arm-none-eabi-gcc/4.8.3-2014q1/bin/../lib/gcc/arm-none-eabi/4.8.3/armv7-m\libgcc.a(_arm_fixdfsi.o)
                0x000844ec                __aeabi_d2iz
                0x000844ec                __fixdfsi
 .text          0x0008453c       0x40 c:/users/jpavery/appdata/local/arduino15/packages/arduino/tools/arm-none-eabi-gcc/4.8.3-2014q1/bin/../lib/gcc/arm-none-eabi/4.8.3/armv7-m\libgcc.a(_arm_fixunsdfsi.o)
                0x0008453c                __aeabi_d2uiz
                0x0008453c                __fixunsdfsi
 .text          0x0008457c      0x21c c:/users/jpavery/appdata/local/arduino15/packages/arduino/tools/arm-none-eabi-gcc/4.8.3-2014q1/bin/../lib/gcc/arm-none-eabi/4.8.3/armv7-m\libgcc.a(_arm_addsubsf3.o)
                0x0008457c                __aeabi_frsub
                0x00084584                __subsf3
                0x00084584                __aeabi_fsub
                0x00084588                __aeabi_fadd
                0x00084588                __addsf3
                0x000846e8                __aeabi_ui2f
                0x000846e8                __floatunsisf
                0x000846f0                __aeabi_i2f
                0x000846f0                __floatsisf
                0x0008470c                __aeabi_ul2f
                0x0008470c                __floatundisf
                0x0008471c                __aeabi_l2f
                0x0008471c                __floatdisf
 .text          0x00084798      0x2a0 c:/users/jpavery/appdata/local/arduino15/packages/arduino/tools/arm-none-eabi-gcc/4.8.3-2014q1/bin/../lib/gcc/arm-none-eabi/4.8.3/armv7-m\libgcc.a(_arm_muldivsf3.o)
                0x00084798                __mulsf3
                0x00084798                __aeabi_fmul
                0x00084900                __aeabi_fdiv
                0x00084900                __divsf3
 .text          0x00084a38       0xec c:/users/jpavery/appdata/local/arduino15/packages/arduino/tools/arm-none-eabi-gcc/4.8.3-2014q1/bin/../lib/gcc/arm-none-eabi/4.8.3/armv7-m\libgcc.a(_arm_cmpsf2.o)
                0x00084a38                __gesf2
                0x00084a38                __gtsf2
                0x00084a40                __lesf2
                0x00084a40                __ltsf2
                0x00084a48                __nesf2
                0x00084a48                __eqsf2
                0x00084a48                __cmpsf2
                0x00084aa8                __aeabi_cfrcmple
                0x00084ab0                __aeabi_cfcmpeq
                0x00084ab0                __aeabi_cfcmple
                0x00084ac0                __aeabi_fcmpeq
                0x00084ad4                __aeabi_fcmplt
                0x00084ae8                __aeabi_fcmple
                0x00084afc                __aeabi_fcmpge
                0x00084b10                __aeabi_fcmpgt
 .text          0x00084b24       0x4c c:/users/jpavery/appdata/local/arduino15/packages/arduino/tools/arm-none-eabi-gcc/4.8.3-2014q1/bin/../lib/gcc/arm-none-eabi/4.8.3/armv7-m\libgcc.a(_arm_fixsfsi.o)
                0x00084b24                __aeabi_f2iz
                0x00084b24                __fixsfsi
 .text.__aeabi_atexit
                0x00084b70        0xc c:/users/jpavery/appdata/local/arduino15/packages/arduino/tools/arm-none-eabi-gcc/4.8.3-2014q1/bin/../lib/gcc/arm-none-eabi/4.8.3/../../../../arm-none-eabi/lib/armv7-m\libc.a(lib_a-aeabi_atexit.o)
                0x00084b70                __aeabi_atexit
 .text.__assert_func
                0x00084b7c       0x3c c:/users/jpavery/appdata/local/arduino15/packages/arduino/tools/arm-none-eabi-gcc/4.8.3-2014q1/bin/../lib/gcc/arm-none-eabi/4.8.3/../../../../arm-none-eabi/lib/armv7-m\libc.a(lib_a-assert.o)
                0x00084b7c                __assert_func
 .text.__cxa_atexit
                0x00084bb8       0x14 c:/users/jpavery/appdata/local/arduino15/packages/arduino/tools/arm-none-eabi-gcc/4.8.3-2014q1/bin/../lib/gcc/arm-none-eabi/4.8.3/../../../../arm-none-eabi/lib/armv7-m\libc.a(lib_a-cxa_atexit.o)
                0x00084bb8                __cxa_atexit
 .text.fiprintf
                0x00084bcc       0x28 c:/users/jpavery/appdata/local/arduino15/packages/arduino/tools/arm-none-eabi-gcc/4.8.3-2014q1/bin/../lib/gcc/arm-none-eabi/4.8.3/../../../../arm-none-eabi/lib/armv7-m\libc.a(lib_a-fiprintf.o)
                0x00084bcc                fiprintf
 .text.__libc_init_array
                0x00084bf4       0x50 c:/users/jpavery/appdata/local/arduino15/packages/arduino/tools/arm-none-eabi-gcc/4.8.3-2014q1/bin/../lib/gcc/arm-none-eabi/4.8.3/../../../../arm-none-eabi/lib/armv7-m\libc.a(lib_a-init.o)
                0x00084bf4                __libc_init_array
 .text.malloc   0x00084c44       0x10 c:/users/jpavery/appdata/local/arduino15/packages/arduino/tools/arm-none-eabi-gcc/4.8.3-2014q1/bin/../lib/gcc/arm-none-eabi/4.8.3/../../../../arm-none-eabi/lib/armv7-m\libc.a(lib_a-malloc.o)
                0x00084c44                malloc
 .text.free     0x00084c54       0x10 c:/users/jpavery/appdata/local/arduino15/packages/arduino/tools/arm-none-eabi-gcc/4.8.3-2014q1/bin/../lib/gcc/arm-none-eabi/4.8.3/../../../../arm-none-eabi/lib/armv7-m\libc.a(lib_a-malloc.o)
                0x00084c54                free
 .text._malloc_r
                0x00084c64      0x538 c:/users/jpavery/appdata/local/arduino15/packages/arduino/tools/arm-none-eabi-gcc/4.8.3-2014q1/bin/../lib/gcc/arm-none-eabi/4.8.3/../../../../arm-none-eabi/lib/armv7-m\libc.a(lib_a-mallocr.o)
                0x00084c64                _malloc_r
 .text          0x0008519c       0xec c:/users/jpavery/appdata/local/arduino15/packages/arduino/tools/arm-none-eabi-gcc/4.8.3-2014q1/bin/../lib/gcc/arm-none-eabi/4.8.3/../../../../arm-none-eabi/lib/armv7-m\libc.a(lib_a-memcpy.o)
                0x0008519c                memcpy
 .text.memmove  0x00085288       0xcc c:/users/jpavery/appdata/local/arduino15/packages/arduino/tools/arm-none-eabi-gcc/4.8.3-2014q1/bin/../lib/gcc/arm-none-eabi/4.8.3/../../../../arm-none-eabi/lib/armv7-m\libc.a(lib_a-memmove.o)
                0x00085288                memmove
 .text.memset   0x00085354       0x94 c:/users/jpavery/appdata/local/arduino15/packages/arduino/tools/arm-none-eabi-gcc/4.8.3-2014q1/bin/../lib/gcc/arm-none-eabi/4.8.3/../../../../arm-none-eabi/lib/armv7-m\libc.a(lib_a-memset.o)
                0x00085354                memset
 .text.__malloc_lock
                0x000853e8        0x4 c:/users/jpavery/appdata/local/arduino15/packages/arduino/tools/arm-none-eabi-gcc/4.8.3-2014q1/bin/../lib/gcc/arm-none-eabi/4.8.3/../../../../arm-none-eabi/lib/armv7-m\libc.a(lib_a-mlock.o)
                0x000853e8                __malloc_lock
 .text.__malloc_unlock
                0x000853ec        0x4 c:/users/jpavery/appdata/local/arduino15/packages/arduino/tools/arm-none-eabi-gcc/4.8.3-2014q1/bin/../lib/gcc/arm-none-eabi/4.8.3/../../../../arm-none-eabi/lib/armv7-m\libc.a(lib_a-mlock.o)
                0x000853ec                __malloc_unlock
 .text.srand    0x000853f0       0x10 c:/users/jpavery/appdata/local/arduino15/packages/arduino/tools/arm-none-eabi-gcc/4.8.3-2014q1/bin/../lib/gcc/arm-none-eabi/4.8.3/../../../../arm-none-eabi/lib/armv7-m\libc.a(lib_a-rand.o)
                0x000853f0                srand
 .text.rand     0x00085400       0x40 c:/users/jpavery/appdata/local/arduino15/packages/arduino/tools/arm-none-eabi-gcc/4.8.3-2014q1/bin/../lib/gcc/arm-none-eabi/4.8.3/../../../../arm-none-eabi/lib/armv7-m\libc.a(lib_a-rand.o)
                0x00085400                rand
 .text.realloc  0x00085440       0x10 c:/users/jpavery/appdata/local/arduino15/packages/arduino/tools/arm-none-eabi-gcc/4.8.3-2014q1/bin/../lib/gcc/arm-none-eabi/4.8.3/../../../../arm-none-eabi/lib/armv7-m\libc.a(lib_a-realloc.o)
                0x00085440                realloc
 .text._realloc_r
                0x00085450      0x3c0 c:/users/jpavery/appdata/local/arduino15/packages/arduino/tools/arm-none-eabi-gcc/4.8.3-2014q1/bin/../lib/gcc/arm-none-eabi/4.8.3/../../../../arm-none-eabi/lib/armv7-m\libc.a(lib_a-reallocr.o)
                0x00085450                _realloc_r
 .text._sbrk_r  0x00085810       0x24 c:/users/jpavery/appdata/local/arduino15/packages/arduino/tools/arm-none-eabi-gcc/4.8.3-2014q1/bin/../lib/gcc/arm-none-eabi/4.8.3/../../../../arm-none-eabi/lib/armv7-m\libc.a(lib_a-sbrkr.o)
                0x00085810                _sbrk_r
 .text.sprintf  0x00085834       0x4c c:/users/jpavery/appdata/local/arduino15/packages/arduino/tools/arm-none-eabi-gcc/4.8.3-2014q1/bin/../lib/gcc/arm-none-eabi/4.8.3/../../../../arm-none-eabi/lib/armv7-m\libc.a(lib_a-sprintf.o)
                0x00085834                sprintf
 .text.strcpy   0x00085880       0xbc c:/users/jpavery/appdata/local/arduino15/packages/arduino/tools/arm-none-eabi-gcc/4.8.3-2014q1/bin/../lib/gcc/arm-none-eabi/4.8.3/../../../../arm-none-eabi/lib/armv7-m\libc.a(lib_a-strcpy.o)
                0x00085880                strcpy
 .text.strlen   0x0008593c       0x60 c:/users/jpavery/appdata/local/arduino15/packages/arduino/tools/arm-none-eabi-gcc/4.8.3-2014q1/bin/../lib/gcc/arm-none-eabi/4.8.3/../../../../arm-none-eabi/lib/armv7-m\libc.a(lib_a-strlen.o)
                0x0008593c                strlen
 .text._svfprintf_r
                0x0008599c     0x14e0 c:/users/jpavery/appdata/local/arduino15/packages/arduino/tools/arm-none-eabi-gcc/4.8.3-2014q1/bin/../lib/gcc/arm-none-eabi/4.8.3/../../../../arm-none-eabi/lib/armv7-m\libc.a(lib_a-svfprintf.o)
                0x0008599c                _svfprintf_r
 .text.kill     0x00086e7c       0x10 c:/users/jpavery/appdata/local/arduino15/packages/arduino/tools/arm-none-eabi-gcc/4.8.3-2014q1/bin/../lib/gcc/arm-none-eabi/4.8.3/../../../../arm-none-eabi/lib/armv7-m\libc.a(lib_a-syskill.o)
                0x00086e7c                kill
 .text.__sprint_r.part.0
                0x00086e8c       0x78 c:/users/jpavery/appdata/local/arduino15/packages/arduino/tools/arm-none-eabi-gcc/4.8.3-2014q1/bin/../lib/gcc/arm-none-eabi/4.8.3/../../../../arm-none-eabi/lib/armv7-m\libc.a(lib_a-vfiprintf.o)
 .text._vfiprintf_r
                0x00086f04      0xc54 c:/users/jpavery/appdata/local/arduino15/packages/arduino/tools/arm-none-eabi-gcc/4.8.3-2014q1/bin/../lib/gcc/arm-none-eabi/4.8.3/../../../../arm-none-eabi/lib/armv7-m\libc.a(lib_a-vfiprintf.o)
                0x00086f04                _vfiprintf_r
 .text.__sbprintf
                0x00087b58       0x7c c:/users/jpavery/appdata/local/arduino15/packages/arduino/tools/arm-none-eabi-gcc/4.8.3-2014q1/bin/../lib/gcc/arm-none-eabi/4.8.3/../../../../arm-none-eabi/lib/armv7-m\libc.a(lib_a-vfiprintf.o)
 .text.__swsetup_r
                0x00087bd4       0xc4 c:/users/jpavery/appdata/local/arduino15/packages/arduino/tools/arm-none-eabi-gcc/4.8.3-2014q1/bin/../lib/gcc/arm-none-eabi/4.8.3/../../../../arm-none-eabi/lib/armv7-m\libc.a(lib_a-wsetup.o)
                0x00087bd4                __swsetup_r
 .text.__register_exitproc
                0x00087c98       0xa8 c:/users/jpavery/appdata/local/arduino15/packages/arduino/tools/arm-none-eabi-gcc/4.8.3-2014q1/bin/../lib/gcc/arm-none-eabi/4.8.3/../../../../arm-none-eabi/lib/armv7-m\libc.a(lib_a-__atexit.o)
                0x00087c98                __register_exitproc
 .text.startup.register_fini
                0x00087d40       0x14 c:/users/jpavery/appdata/local/arduino15/packages/arduino/tools/arm-none-eabi-gcc/4.8.3-2014q1/bin/../lib/gcc/arm-none-eabi/4.8.3/../../../../arm-none-eabi/lib/armv7-m\libc.a(lib_a-__call_atexit.o)
 .text.abort    0x00087d54       0x10 c:/users/jpavery/appdata/local/arduino15/packages/arduino/tools/arm-none-eabi-gcc/4.8.3-2014q1/bin/../lib/gcc/arm-none-eabi/4.8.3/../../../../arm-none-eabi/lib/armv7-m\libc.a(lib_a-abort.o)
                0x00087d54                abort
 .text.atexit   0x00087d64        0xc c:/users/jpavery/appdata/local/arduino15/packages/arduino/tools/arm-none-eabi-gcc/4.8.3-2014q1/bin/../lib/gcc/arm-none-eabi/4.8.3/../../../../arm-none-eabi/lib/armv7-m\libc.a(lib_a-atexit.o)
                0x00087d64                atexit
 .text.quorem   0x00087d70      0x134 c:/users/jpavery/appdata/local/arduino15/packages/arduino/tools/arm-none-eabi-gcc/4.8.3-2014q1/bin/../lib/gcc/arm-none-eabi/4.8.3/../../../../arm-none-eabi/lib/armv7-m\libc.a(lib_a-dtoa.o)
 *fill*         0x00087ea4        0x4 
 .text._dtoa_r  0x00087ea8      0xe38 c:/users/jpavery/appdata/local/arduino15/packages/arduino/tools/arm-none-eabi-gcc/4.8.3-2014q1/bin/../lib/gcc/arm-none-eabi/4.8.3/../../../../arm-none-eabi/lib/armv7-m\libc.a(lib_a-dtoa.o)
                0x00087ea8                _dtoa_r
 .text.__sflush_r
                0x00088ce0      0x148 c:/users/jpavery/appdata/local/arduino15/packages/arduino/tools/arm-none-eabi-gcc/4.8.3-2014q1/bin/../lib/gcc/arm-none-eabi/4.8.3/../../../../arm-none-eabi/lib/armv7-m\libc.a(lib_a-fflush.o)
                0x00088ce0                __sflush_r
 .text._fflush_r
                0x00088e28       0x2c c:/users/jpavery/appdata/local/arduino15/packages/arduino/tools/arm-none-eabi-gcc/4.8.3-2014q1/bin/../lib/gcc/arm-none-eabi/4.8.3/../../../../arm-none-eabi/lib/armv7-m\libc.a(lib_a-fflush.o)
                0x00088e28                _fflush_r
 .text._cleanup_r
                0x00088e54        0xc c:/users/jpavery/appdata/local/arduino15/packages/arduino/tools/arm-none-eabi-gcc/4.8.3-2014q1/bin/../lib/gcc/arm-none-eabi/4.8.3/../../../../arm-none-eabi/lib/armv7-m\libc.a(lib_a-findfp.o)
                0x00088e54                _cleanup_r
 .text.__sinit  0x00088e60       0xf4 c:/users/jpavery/appdata/local/arduino15/packages/arduino/tools/arm-none-eabi-gcc/4.8.3-2014q1/bin/../lib/gcc/arm-none-eabi/4.8.3/../../../../arm-none-eabi/lib/armv7-m\libc.a(lib_a-findfp.o)
                0x00088e60                __sinit
 .text.__sfp_lock_acquire
                0x00088f54        0x4 c:/users/jpavery/appdata/local/arduino15/packages/arduino/tools/arm-none-eabi-gcc/4.8.3-2014q1/bin/../lib/gcc/arm-none-eabi/4.8.3/../../../../arm-none-eabi/lib/armv7-m\libc.a(lib_a-findfp.o)
                0x00088f54                __sfp_lock_acquire
 .text.__sfp_lock_release
                0x00088f58        0x4 c:/users/jpavery/appdata/local/arduino15/packages/arduino/tools/arm-none-eabi-gcc/4.8.3-2014q1/bin/../lib/gcc/arm-none-eabi/4.8.3/../../../../arm-none-eabi/lib/armv7-m\libc.a(lib_a-findfp.o)
                0x00088f58                __sfp_lock_release
 .text.__libc_fini_array
                0x00088f5c       0x30 c:/users/jpavery/appdata/local/arduino15/packages/arduino/tools/arm-none-eabi-gcc/4.8.3-2014q1/bin/../lib/gcc/arm-none-eabi/4.8.3/../../../../arm-none-eabi/lib/armv7-m\libc.a(lib_a-fini.o)
                0x00088f5c                __libc_fini_array
 .text._fputwc_r
                0x00088f8c       0xc0 c:/users/jpavery/appdata/local/arduino15/packages/arduino/tools/arm-none-eabi-gcc/4.8.3-2014q1/bin/../lib/gcc/arm-none-eabi/4.8.3/../../../../arm-none-eabi/lib/armv7-m\libc.a(lib_a-fputwc.o)
                0x00088f8c                _fputwc_r
 .text._malloc_trim_r
                0x0008904c       0x9c c:/users/jpavery/appdata/local/arduino15/packages/arduino/tools/arm-none-eabi-gcc/4.8.3-2014q1/bin/../lib/gcc/arm-none-eabi/4.8.3/../../../../arm-none-eabi/lib/armv7-m\libc.a(lib_a-freer.o)
                0x0008904c                _malloc_trim_r
 .text._free_r  0x000890e8      0x198 c:/users/jpavery/appdata/local/arduino15/packages/arduino/tools/arm-none-eabi-gcc/4.8.3-2014q1/bin/../lib/gcc/arm-none-eabi/4.8.3/../../../../arm-none-eabi/lib/armv7-m\libc.a(lib_a-freer.o)
                0x000890e8                _free_r
 .text.__sfvwrite_r
                0x00089280      0x314 c:/users/jpavery/appdata/local/arduino15/packages/arduino/tools/arm-none-eabi-gcc/4.8.3-2014q1/bin/../lib/gcc/arm-none-eabi/4.8.3/../../../../arm-none-eabi/lib/armv7-m\libc.a(lib_a-fvwrite.o)
                0x00089280                __sfvwrite_r
 .text._fwalk   0x00089594       0x48 c:/users/jpavery/appdata/local/arduino15/packages/arduino/tools/arm-none-eabi-gcc/4.8.3-2014q1/bin/../lib/gcc/arm-none-eabi/4.8.3/../../../../arm-none-eabi/lib/armv7-m\libc.a(lib_a-fwalk.o)
                0x00089594                _fwalk
 .text.__locale_charset
                0x000895dc        0x8 c:/users/jpavery/appdata/local/arduino15/packages/arduino/tools/arm-none-eabi-gcc/4.8.3-2014q1/bin/../lib/gcc/arm-none-eabi/4.8.3/../../../../arm-none-eabi/lib/armv7-m\libc.a(lib_a-locale.o)
                0x000895dc                __locale_charset
 .text.__locale_mb_cur_max
                0x000895e4        0xc c:/users/jpavery/appdata/local/arduino15/packages/arduino/tools/arm-none-eabi-gcc/4.8.3-2014q1/bin/../lib/gcc/arm-none-eabi/4.8.3/../../../../arm-none-eabi/lib/armv7-m\libc.a(lib_a-locale.o)
                0x000895e4                __locale_mb_cur_max
 .text._localeconv_r
                0x000895f0        0x8 c:/users/jpavery/appdata/local/arduino15/packages/arduino/tools/arm-none-eabi-gcc/4.8.3-2014q1/bin/../lib/gcc/arm-none-eabi/4.8.3/../../../../arm-none-eabi/lib/armv7-m\libc.a(lib_a-locale.o)
                0x000895f0                _localeconv_r
 .text.__smakebuf_r
                0x000895f8       0xe0 c:/users/jpavery/appdata/local/arduino15/packages/arduino/tools/arm-none-eabi-gcc/4.8.3-2014q1/bin/../lib/gcc/arm-none-eabi/4.8.3/../../../../arm-none-eabi/lib/armv7-m\libc.a(lib_a-makebuf.o)
                0x000895f8                __smakebuf_r
 .text.memchr   0x000896d8       0x94 c:/users/jpavery/appdata/local/arduino15/packages/arduino/tools/arm-none-eabi-gcc/4.8.3-2014q1/bin/../lib/gcc/arm-none-eabi/4.8.3/../../../../arm-none-eabi/lib/armv7-m\libc.a(lib_a-memchr-stub.o)
                0x000896d8                memchr
 .text._Balloc  0x0008976c       0x4c c:/users/jpavery/appdata/local/arduino15/packages/arduino/tools/arm-none-eabi-gcc/4.8.3-2014q1/bin/../lib/gcc/arm-none-eabi/4.8.3/../../../../arm-none-eabi/lib/armv7-m\libc.a(lib_a-mprec.o)
                0x0008976c                _Balloc
 .text._Bfree   0x000897b8       0x14 c:/users/jpavery/appdata/local/arduino15/packages/arduino/tools/arm-none-eabi-gcc/4.8.3-2014q1/bin/../lib/gcc/arm-none-eabi/4.8.3/../../../../arm-none-eabi/lib/armv7-m\libc.a(lib_a-mprec.o)
                0x000897b8                _Bfree
 .text.__multadd
                0x000897cc       0x94 c:/users/jpavery/appdata/local/arduino15/packages/arduino/tools/arm-none-eabi-gcc/4.8.3-2014q1/bin/../lib/gcc/arm-none-eabi/4.8.3/../../../../arm-none-eabi/lib/armv7-m\libc.a(lib_a-mprec.o)
                0x000897cc                __multadd
 .text.__hi0bits
                0x00089860       0x40 c:/users/jpavery/appdata/local/arduino15/packages/arduino/tools/arm-none-eabi-gcc/4.8.3-2014q1/bin/../lib/gcc/arm-none-eabi/4.8.3/../../../../arm-none-eabi/lib/armv7-m\libc.a(lib_a-mprec.o)
                0x00089860                __hi0bits
 .text.__lo0bits
                0x000898a0       0x5c c:/users/jpavery/appdata/local/arduino15/packages/arduino/tools/arm-none-eabi-gcc/4.8.3-2014q1/bin/../lib/gcc/arm-none-eabi/4.8.3/../../../../arm-none-eabi/lib/armv7-m\libc.a(lib_a-mprec.o)
                0x000898a0                __lo0bits
 .text.__i2b    0x000898fc       0x14 c:/users/jpavery/appdata/local/arduino15/packages/arduino/tools/arm-none-eabi-gcc/4.8.3-2014q1/bin/../lib/gcc/arm-none-eabi/4.8.3/../../../../arm-none-eabi/lib/armv7-m\libc.a(lib_a-mprec.o)
                0x000898fc                __i2b
 .text.__multiply
                0x00089910      0x13c c:/users/jpavery/appdata/local/arduino15/packages/arduino/tools/arm-none-eabi-gcc/4.8.3-2014q1/bin/../lib/gcc/arm-none-eabi/4.8.3/../../../../arm-none-eabi/lib/armv7-m\libc.a(lib_a-mprec.o)
                0x00089910                __multiply
 .text.__pow5mult
                0x00089a4c       0x9c c:/users/jpavery/appdata/local/arduino15/packages/arduino/tools/arm-none-eabi-gcc/4.8.3-2014q1/bin/../lib/gcc/arm-none-eabi/4.8.3/../../../../arm-none-eabi/lib/armv7-m\libc.a(lib_a-mprec.o)
                0x00089a4c                __pow5mult
 .text.__lshift
                0x00089ae8       0xbc c:/users/jpavery/appdata/local/arduino15/packages/arduino/tools/arm-none-eabi-gcc/4.8.3-2014q1/bin/../lib/gcc/arm-none-eabi/4.8.3/../../../../arm-none-eabi/lib/armv7-m\libc.a(lib_a-mprec.o)
                0x00089ae8                __lshift
 .text.__mcmp   0x00089ba4       0x48 c:/users/jpavery/appdata/local/arduino15/packages/arduino/tools/arm-none-eabi-gcc/4.8.3-2014q1/bin/../lib/gcc/arm-none-eabi/4.8.3/../../../../arm-none-eabi/lib/armv7-m\libc.a(lib_a-mprec.o)
                0x00089ba4                __mcmp
 .text.__mdiff  0x00089bec       0xd8 c:/users/jpavery/appdata/local/arduino15/packages/arduino/tools/arm-none-eabi-gcc/4.8.3-2014q1/bin/../lib/gcc/arm-none-eabi/4.8.3/../../../../arm-none-eabi/lib/armv7-m\libc.a(lib_a-mprec.o)
                0x00089bec                __mdiff
 .text.__d2b    0x00089cc4       0xbc c:/users/jpavery/appdata/local/arduino15/packages/arduino/tools/arm-none-eabi-gcc/4.8.3-2014q1/bin/../lib/gcc/arm-none-eabi/4.8.3/../../../../arm-none-eabi/lib/armv7-m\libc.a(lib_a-mprec.o)
                0x00089cc4                __d2b
 .text._raise_r
                0x00089d80       0x58 c:/users/jpavery/appdata/local/arduino15/packages/arduino/tools/arm-none-eabi-gcc/4.8.3-2014q1/bin/../lib/gcc/arm-none-eabi/4.8.3/../../../../arm-none-eabi/lib/armv7-m\libc.a(lib_a-signal.o)
                0x00089d80                _raise_r
 .text.raise    0x00089dd8       0x10 c:/users/jpavery/appdata/local/arduino15/packages/arduino/tools/arm-none-eabi-gcc/4.8.3-2014q1/bin/../lib/gcc/arm-none-eabi/4.8.3/../../../../arm-none-eabi/lib/armv7-m\libc.a(lib_a-signal.o)
                0x00089dd8                raise
 .text._kill_r  0x00089de8       0x28 c:/users/jpavery/appdata/local/arduino15/packages/arduino/tools/arm-none-eabi-gcc/4.8.3-2014q1/bin/../lib/gcc/arm-none-eabi/4.8.3/../../../../arm-none-eabi/lib/armv7-m\libc.a(lib_a-signalr.o)
                0x00089de8                _kill_r
 .text._getpid_r
                0x00089e10        0x4 c:/users/jpavery/appdata/local/arduino15/packages/arduino/tools/arm-none-eabi-gcc/4.8.3-2014q1/bin/../lib/gcc/arm-none-eabi/4.8.3/../../../../arm-none-eabi/lib/armv7-m\libc.a(lib_a-signalr.o)
                0x00089e10                _getpid_r
 .text.__sread  0x00089e14       0x24 c:/users/jpavery/appdata/local/arduino15/packages/arduino/tools/arm-none-eabi-gcc/4.8.3-2014q1/bin/../lib/gcc/arm-none-eabi/4.8.3/../../../../arm-none-eabi/lib/armv7-m\libc.a(lib_a-stdio.o)
                0x00089e14                __sread
 .text.__swrite
                0x00089e38       0x38 c:/users/jpavery/appdata/local/arduino15/packages/arduino/tools/arm-none-eabi-gcc/4.8.3-2014q1/bin/../lib/gcc/arm-none-eabi/4.8.3/../../../../arm-none-eabi/lib/armv7-m\libc.a(lib_a-stdio.o)
                0x00089e38                __swrite
 .text.__sseek  0x00089e70       0x20 c:/users/jpavery/appdata/local/arduino15/packages/arduino/tools/arm-none-eabi-gcc/4.8.3-2014q1/bin/../lib/gcc/arm-none-eabi/4.8.3/../../../../arm-none-eabi/lib/armv7-m\libc.a(lib_a-stdio.o)
                0x00089e70                __sseek
 .text.__sclose
                0x00089e90        0x8 c:/users/jpavery/appdata/local/arduino15/packages/arduino/tools/arm-none-eabi-gcc/4.8.3-2014q1/bin/../lib/gcc/arm-none-eabi/4.8.3/../../../../arm-none-eabi/lib/armv7-m\libc.a(lib_a-stdio.o)
                0x00089e90                __sclose
 .text.__ssprint_r
                0x00089e98      0x100 c:/users/jpavery/appdata/local/arduino15/packages/arduino/tools/arm-none-eabi-gcc/4.8.3-2014q1/bin/../lib/gcc/arm-none-eabi/4.8.3/../../../../arm-none-eabi/lib/armv7-m\libc.a(lib_a-svfiprintf.o)
                0x00089e98                __ssprint_r
 .text.__swbuf_r
                0x00089f98       0xa8 c:/users/jpavery/appdata/local/arduino15/packages/arduino/tools/arm-none-eabi-gcc/4.8.3-2014q1/bin/../lib/gcc/arm-none-eabi/4.8.3/../../../../arm-none-eabi/lib/armv7-m\libc.a(lib_a-wbuf.o)
                0x00089f98                __swbuf_r
 .text._wcrtomb_r
                0x0008a040       0x50 c:/users/jpavery/appdata/local/arduino15/packages/arduino/tools/arm-none-eabi-gcc/4.8.3-2014q1/bin/../lib/gcc/arm-none-eabi/4.8.3/../../../../arm-none-eabi/lib/armv7-m\libc.a(lib_a-wcrtomb.o)
                0x0008a040                _wcrtomb_r
 .text.__ascii_wctomb
                0x0008a090       0x1c c:/users/jpavery/appdata/local/arduino15/packages/arduino/tools/arm-none-eabi-gcc/4.8.3-2014q1/bin/../lib/gcc/arm-none-eabi/4.8.3/../../../../arm-none-eabi/lib/armv7-m\libc.a(lib_a-wctomb_r.o)
                0x0008a090                __ascii_wctomb
 .text._write_r
                0x0008a0ac       0x28 c:/users/jpavery/appdata/local/arduino15/packages/arduino/tools/arm-none-eabi-gcc/4.8.3-2014q1/bin/../lib/gcc/arm-none-eabi/4.8.3/../../../../arm-none-eabi/lib/armv7-m\libc.a(lib_a-writer.o)
                0x0008a0ac                _write_r
 .text._calloc_r
                0x0008a0d4       0x60 c:/users/jpavery/appdata/local/arduino15/packages/arduino/tools/arm-none-eabi-gcc/4.8.3-2014q1/bin/../lib/gcc/arm-none-eabi/4.8.3/../../../../arm-none-eabi/lib/armv7-m\libc.a(lib_a-callocr.o)
                0x0008a0d4                _calloc_r
 .text._close_r
                0x0008a134       0x24 c:/users/jpavery/appdata/local/arduino15/packages/arduino/tools/arm-none-eabi-gcc/4.8.3-2014q1/bin/../lib/gcc/arm-none-eabi/4.8.3/../../../../arm-none-eabi/lib/armv7-m\libc.a(lib_a-closer.o)
                0x0008a134                _close_r
 .text._fclose_r
                0x0008a158       0x80 c:/users/jpavery/appdata/local/arduino15/packages/arduino/tools/arm-none-eabi-gcc/4.8.3-2014q1/bin/../lib/gcc/arm-none-eabi/4.8.3/../../../../arm-none-eabi/lib/armv7-m\libc.a(lib_a-fclose.o)
                0x0008a158                _fclose_r
 .text.fclose   0x0008a1d8       0x10 c:/users/jpavery/appdata/local/arduino15/packages/arduino/tools/arm-none-eabi-gcc/4.8.3-2014q1/bin/../lib/gcc/arm-none-eabi/4.8.3/../../../../arm-none-eabi/lib/armv7-m\libc.a(lib_a-fclose.o)
                0x0008a1d8                fclose
 .text._fstat_r
                0x0008a1e8       0x28 c:/users/jpavery/appdata/local/arduino15/packages/arduino/tools/arm-none-eabi-gcc/4.8.3-2014q1/bin/../lib/gcc/arm-none-eabi/4.8.3/../../../../arm-none-eabi/lib/armv7-m\libc.a(lib_a-fstatr.o)
                0x0008a1e8                _fstat_r
 .text._isatty_r
                0x0008a210       0x24 c:/users/jpavery/appdata/local/arduino15/packages/arduino/tools/arm-none-eabi-gcc/4.8.3-2014q1/bin/../lib/gcc/arm-none-eabi/4.8.3/../../../../arm-none-eabi/lib/armv7-m\libc.a(lib_a-isattyr.o)
                0x0008a210                _isatty_r
 .text._lseek_r
                0x0008a234       0x28 c:/users/jpavery/appdata/local/arduino15/packages/arduino/tools/arm-none-eabi-gcc/4.8.3-2014q1/bin/../lib/gcc/arm-none-eabi/4.8.3/../../../../arm-none-eabi/lib/armv7-m\libc.a(lib_a-lseekr.o)
                0x0008a234                _lseek_r
 .text._read_r  0x0008a25c       0x28 c:/users/jpavery/appdata/local/arduino15/packages/arduino/tools/arm-none-eabi-gcc/4.8.3-2014q1/bin/../lib/gcc/arm-none-eabi/4.8.3/../../../../arm-none-eabi/lib/armv7-m\libc.a(lib_a-readr.o)
                0x0008a25c                _read_r
 .text          0x0008a284       0x2c c:/users/jpavery/appdata/local/arduino15/packages/arduino/tools/arm-none-eabi-gcc/4.8.3-2014q1/bin/../lib/gcc/arm-none-eabi/4.8.3/armv7-m\libgcc.a(_aeabi_uldivmod.o)
                0x0008a284                __aeabi_uldivmod
 .text          0x0008a2b0       0x60 c:/users/jpavery/appdata/local/arduino15/packages/arduino/tools/arm-none-eabi-gcc/4.8.3-2014q1/bin/../lib/gcc/arm-none-eabi/4.8.3/armv7-m\libgcc.a(bpabi.o)
                0x0008a2b0                __gnu_ldivmod_helper
                0x0008a2e0                __gnu_uldivmod_helper
 .text          0x0008a310        0x4 c:/users/jpavery/appdata/local/arduino15/packages/arduino/tools/arm-none-eabi-gcc/4.8.3-2014q1/bin/../lib/gcc/arm-none-eabi/4.8.3/armv7-m\libgcc.a(_dvmd_tls.o)
                0x0008a310                __aeabi_idiv0
                0x0008a310                __aeabi_ldiv0
 .text          0x0008a314      0x2a0 c:/users/jpavery/appdata/local/arduino15/packages/arduino/tools/arm-none-eabi-gcc/4.8.3-2014q1/bin/../lib/gcc/arm-none-eabi/4.8.3/armv7-m\libgcc.a(_divdi3.o)
                0x0008a314                __divdi3
 .text          0x0008a5b4      0x290 c:/users/jpavery/appdata/local/arduino15/packages/arduino/tools/arm-none-eabi-gcc/4.8.3-2014q1/bin/../lib/gcc/arm-none-eabi/4.8.3/armv7-m\libgcc.a(_udivdi3.o)
                0x0008a5b4                __udivdi3
 *(.glue_7t)
 .glue_7t       0x00000000        0x0 linker stubs
 *(.glue_7)
 .glue_7        0x00000000        0x0 linker stubs
 *(.rodata .rodata* .gnu.linkonce.r.*)
 .rodata._ZL17CS_settingserrmsg
                0x0008a844        0x5 ScouseTom_Control_NOCS.cpp.o
 *fill*         0x0008a849        0x3 
 .rodata._ZL7indpins
                0x0008a84c       0x10 ScouseTom_Control_NOCS.cpp.o
 .rodata._ZL12SW_pwrerrmsg
                0x0008a85c        0x6 ScouseTom_Control_NOCS.cpp.o
 .rodata._ZL12CS_commokmsg
                0x0008a862        0x6 ScouseTom_Control_NOCS.cpp.o
 .rodata._ZL13CS_commerrmsg
                0x0008a868        0x5 ScouseTom_Control_NOCS.cpp.o
 .rodata._ZL15SW_switcherrmsg
                0x0008a86d        0x6 ScouseTom_Control_NOCS.cpp.o
 .rodata._ZL8SW_okmsg
                0x0008a873        0x6 ScouseTom_Control_NOCS.cpp.o
 .rodata._ZL14CS_finishedmsg
                0x0008a879        0x7 ScouseTom_Control_NOCS.cpp.o
 .rodata.str1.1
                0x0008a880      0x18d ScouseTom_Control_NOCS.cpp.o
                                0x19b (size before relaxing)
 .rodata.str1.1
                0x0008aa0d       0x68 VM_DBG\VM_DBG.cpp.o
                                 0x6a (size before relaxing)
 *fill*         0x0008aa75        0x3 
 .rodata.g_APinDescription
                0x0008aa78      0xa2c C:\Users\jpavery\AppData\Local\Temp\VMBCore\arduino16x\d2aaa88d240c538894d6ee8bd905a147\variant\variant.cpp.o
                0x0008aa78                g_APinDescription
 .rodata.__func__.6792
                0x0008b4a4        0xd C:\Users\jpavery\AppData\Local\arduino15\packages\arduino\hardware\sam\1.6.12\variants\arduino_due_x/libsam_sam3x8e_gcc_rel.a(tc.o)
 .rodata.str1.1
                0x0008b4b1       0x54 C:\Users\jpavery\AppData\Local\arduino15\packages\arduino\hardware\sam\1.6.12\variants\arduino_due_x/libsam_sam3x8e_gcc_rel.a(tc.o)
 .rodata.__func__.6798
                0x0008b505        0x9 C:\Users\jpavery\AppData\Local\arduino15\packages\arduino\hardware\sam\1.6.12\variants\arduino_due_x/libsam_sam3x8e_gcc_rel.a(tc.o)
 .rodata.__func__.6804
                0x0008b50e        0x8 C:\Users\jpavery\AppData\Local\arduino15\packages\arduino\hardware\sam\1.6.12\variants\arduino_due_x/libsam_sam3x8e_gcc_rel.a(tc.o)
 *fill*         0x0008b516        0x2 
 .rodata        0x0008b518       0x40 C:\Users\jpavery\AppData\Local\arduino15\packages\arduino\hardware\sam\1.6.12\variants\arduino_due_x/libsam_sam3x8e_gcc_rel.a(adc.o)
 .rodata.str1.1
                0x0008b558        0xc C:\Users\jpavery\AppData\Local\Temp\VMBuilds\ScouseTom_Control_NOCS\arduino_due_x_dbg\Debug/core.a(Print.cpp.o)
                                  0xf (size before relaxing)
 *fill*         0x0008b564        0x4 
 .rodata._ZTV9UARTClass
                0x0008b568       0x30 C:\Users\jpavery\AppData\Local\Temp\VMBuilds\ScouseTom_Control_NOCS\arduino_due_x_dbg\Debug/core.a(UARTClass.cpp.o)
                0x0008b568                vtable for UARTClass
 .rodata._ZTV10USARTClass
                0x0008b598       0x30 C:\Users\jpavery\AppData\Local\Temp\VMBuilds\ScouseTom_Control_NOCS\arduino_due_x_dbg\Debug/core.a(USARTClass.cpp.o)
                0x0008b598                vtable for USARTClass
 .rodata.STRING_PRODUCT
                0x0008b5c8        0xc C:\Users\jpavery\AppData\Local\Temp\VMBuilds\ScouseTom_Control_NOCS\arduino_due_x_dbg\Debug/core.a(USBCore.cpp.o)
                0x0008b5c8                STRING_PRODUCT
 .rodata.USB_DeviceDescriptor
                0x0008b5d4       0x12 C:\Users\jpavery\AppData\Local\Temp\VMBuilds\ScouseTom_Control_NOCS\arduino_due_x_dbg\Debug/core.a(USBCore.cpp.o)
                0x0008b5d4                USB_DeviceDescriptor
 .rodata.STRING_LANGUAGE
                0x0008b5e6        0x4 C:\Users\jpavery\AppData\Local\Temp\VMBuilds\ScouseTom_Control_NOCS\arduino_due_x_dbg\Debug/core.a(USBCore.cpp.o)
                0x0008b5e6                STRING_LANGUAGE
 .rodata._ZL18test_packet_buffer
                0x0008b5ea       0x35 C:\Users\jpavery\AppData\Local\Temp\VMBuilds\ScouseTom_Control_NOCS\arduino_due_x_dbg\Debug/core.a(USBCore.cpp.o)
 .rodata.STRING_MANUFACTURER
                0x0008b61f        0xc C:\Users\jpavery\AppData\Local\Temp\VMBuilds\ScouseTom_Control_NOCS\arduino_due_x_dbg\Debug/core.a(USBCore.cpp.o)
                0x0008b61f                STRING_MANUFACTURER
 .rodata.USB_DeviceDescriptorA
                0x0008b62b       0x12 C:\Users\jpavery\AppData\Local\Temp\VMBuilds\ScouseTom_Control_NOCS\arduino_due_x_dbg\Debug/core.a(USBCore.cpp.o)
                0x0008b62b                USB_DeviceDescriptorA
 .rodata._ZL19USB_DeviceQualifier
                0x0008b63d        0x9 C:\Users\jpavery\AppData\Local\Temp\VMBuilds\ScouseTom_Control_NOCS\arduino_due_x_dbg\Debug/core.a(USBCore.cpp.o)
 *fill*         0x0008b646        0x2 
 .rodata._ZTV7Serial_
                0x0008b648       0x28 C:\Users\jpavery\AppData\Local\Temp\VMBuilds\ScouseTom_Control_NOCS\arduino_due_x_dbg\Debug/core.a(CDC.cpp.o)
                0x0008b648                vtable for Serial_
 .rodata._ZL18_cdcOtherInterface
                0x0008b670       0x42 C:\Users\jpavery\AppData\Local\Temp\VMBuilds\ScouseTom_Control_NOCS\arduino_due_x_dbg\Debug/core.a(CDC.cpp.o)
 .rodata._ZL13_cdcInterface
                0x0008b6b2       0x42 C:\Users\jpavery\AppData\Local\Temp\VMBuilds\ScouseTom_Control_NOCS\arduino_due_x_dbg\Debug/core.a(CDC.cpp.o)
 .rodata.str1.4
                0x0008b6f4       0x3f c:/users/jpavery/appdata/local/arduino15/packages/arduino/tools/arm-none-eabi-gcc/4.8.3-2014q1/bin/../lib/gcc/arm-none-eabi/4.8.3/../../../../arm-none-eabi/lib/armv7-m\libc.a(lib_a-assert.o)
                                 0x44 (size before relaxing)
 *fill*         0x0008b733        0x1 
 .rodata.str1.4